rick@rick-virtual-machine:~$ echo hello world
hello world
rick@rick-virtual-machine:~$ passwd
Changing password for rick.
(current) UNIX password: 
passwd: Authentication token manipulation error
passwd: password unchanged
rick@rick-virtual-machine:~$ date
Thứ hai, 01 Tháng 4 năm 2019 10:39:56 +07
rick@rick-virtual-machine:~$ hostname
rick-virtual-machine
rick@rick-virtual-machine:~$ arch
x86_64
rick@rick-virtual-machine:~$ uname -a
Linux rick-virtual-machine 4.18.0-10-generic #11-Ubuntu SMP Thu Oct 11 15:13:55 UTC 2018 x86_64 x86_64 x86_64 GNU/Linux
rick@rick-virtual-machine:~$ dmesg
[    0.000000] Linux version 4.18.0-10-generic (buildd@lgw01-amd64-060) (gcc version 8.2.0 (Ubuntu 8.2.0-7ubuntu1)) #11-Ubuntu SMP Thu Oct 11 15:13:55 UTC 2018 (Ubuntu 4.18.0-10.11-generic 4.18.12)
[    0.000000] Command line: BOOT_IMAGE=/boot/vmlinuz-4.18.0-10-generic root=UUID=fd066fdc-d263-443a-90de-39e502c0f0f7 ro quiet splash
[    0.000000] KERNEL supported cpus:
[    0.000000]   Intel GenuineIntel
[    0.000000]   AMD AuthenticAMD
[    0.000000]   Centaur CentaurHauls
[    0.000000] Disabled fast string operations
[    0.000000] x86/fpu: Supporting XSAVE feature 0x001: 'x87 floating point registers'
[    0.000000] x86/fpu: Supporting XSAVE feature 0x002: 'SSE registers'
[    0.000000] x86/fpu: Supporting XSAVE feature 0x004: 'AVX registers'
[    0.000000] x86/fpu: Supporting XSAVE feature 0x008: 'MPX bounds registers'
[    0.000000] x86/fpu: Supporting XSAVE feature 0x010: 'MPX CSR'
[    0.000000] x86/fpu: xstate_offset[2]:  576, xstate_sizes[2]:  256
[    0.000000] x86/fpu: xstate_offset[3]:  832, xstate_sizes[3]:   64
[    0.000000] x86/fpu: xstate_offset[4]:  896, xstate_sizes[4]:   64
[    0.000000] x86/fpu: Enabled xstate features 0x1f, context size is 960 bytes, using 'compacted' format.
[    0.000000] BIOS-provided physical RAM map:
[    0.000000] BIOS-e820: [mem 0x0000000000000000-0x000000000009e7ff] usable
[    0.000000] BIOS-e820: [mem 0x000000000009e800-0x000000000009ffff] reserved
[    0.000000] BIOS-e820: [mem 0x00000000000dc000-0x00000000000fffff] reserved
[    0.000000] BIOS-e820: [mem 0x0000000000100000-0x00000000bfecffff] usable
[    0.000000] BIOS-e820: [mem 0x00000000bfed0000-0x00000000bfefefff] ACPI data
[    0.000000] BIOS-e820: [mem 0x00000000bfeff000-0x00000000bfefffff] ACPI NVS
[    0.000000] BIOS-e820: [mem 0x00000000bff00000-0x00000000bfffffff] usable
[    0.000000] BIOS-e820: [mem 0x00000000f0000000-0x00000000f7ffffff] reserved
[    0.000000] BIOS-e820: [mem 0x00000000fec00000-0x00000000fec0ffff] reserved
[    0.000000] BIOS-e820: [mem 0x00000000fee00000-0x00000000fee00fff] reserved
[    0.000000] BIOS-e820: [mem 0x00000000fffe0000-0x00000000ffffffff] reserved
[    0.000000] BIOS-e820: [mem 0x0000000100000000-0x000000013fffffff] usable
[    0.000000] NX (Execute Disable) protection: active
[    0.000000] SMBIOS 2.7 present.
[    0.000000] DMI: VMware, Inc. VMware Virtual Platform/440BX Desktop Reference Platform, BIOS 6.00 04/13/2018
[    0.000000] Hypervisor detected: VMware
[    0.000000] vmware: TSC freq read from hypervisor : 1800.001 MHz
[    0.000000] vmware: Host bus clock speed read from hypervisor : 66000000 Hz
[    0.000000] vmware: using sched offset of 6126828108 ns
[    0.000000] e820: update [mem 0x00000000-0x00000fff] usable ==> reserved
[    0.000000] e820: remove [mem 0x000a0000-0x000fffff] usable
[    0.000000] last_pfn = 0x140000 max_arch_pfn = 0x400000000
[    0.000000] MTRR default type: uncachable
[    0.000000] MTRR fixed ranges enabled:
[    0.000000]   00000-9FFFF write-back
[    0.000000]   A0000-BFFFF uncachable
[    0.000000]   C0000-CFFFF write-protect
[    0.000000]   D0000-EFFFF uncachable
[    0.000000]   F0000-FFFFF write-protect
[    0.000000] MTRR variable ranges enabled:
[    0.000000]   0 base 00000000000 mask 7E000000000 write-back
[    0.000000]   1 base 000C0000000 mask 7FFC0000000 uncachable
[    0.000000]   2 disabled
[    0.000000]   3 disabled
[    0.000000]   4 disabled
[    0.000000]   5 disabled
[    0.000000]   6 disabled
[    0.000000]   7 disabled
[    0.000000] x86/PAT: Configuration [0-7]: WB  WC  UC- UC  WB  WP  UC- WT  
[    0.000000] total RAM covered: 130048M
[    0.000000] Found optimal setting for mtrr clean up
[    0.000000]  gran_size: 64K 	chunk_size: 64K 	num_reg: 7  	lose cover RAM: 0G
[    0.000000] e820: update [mem 0xc0000000-0xffffffff] usable ==> reserved
[    0.000000] last_pfn = 0xc0000 max_arch_pfn = 0x400000000
[    0.000000] found SMP MP-table at [mem 0x000f6a80-0x000f6a8f] mapped at [(____ptrval____)]
[    0.000000] Scanning 1 areas for low memory corruption
[    0.000000] Base memory trampoline at [(____ptrval____)] 98000 size 24576
[    0.000000] Using GB pages for direct mapping
[    0.000000] BRK [0xa935d000, 0xa935dfff] PGTABLE
[    0.000000] BRK [0xa935e000, 0xa935efff] PGTABLE
[    0.000000] BRK [0xa935f000, 0xa935ffff] PGTABLE
[    0.000000] BRK [0xa9360000, 0xa9360fff] PGTABLE
[    0.000000] RAMDISK: [mem 0x33451000-0x35a1ffff]
[    0.000000] ACPI: Early table checksum verification disabled
[    0.000000] ACPI: RSDP 0x00000000000F6A10 000024 (v02 PTLTD )
[    0.000000] ACPI: XSDT 0x00000000BFEDC633 00005C (v01 INTEL  440BX    06040000 VMW  01324272)
[    0.000000] ACPI: FACP 0x00000000BFEFEE73 0000F4 (v04 INTEL  440BX    06040000 PTL  000F4240)
[    0.000000] ACPI: DSDT 0x00000000BFEDDFD8 020E9B (v01 PTLTD  Custom   06040000 MSFT 03000001)
[    0.000000] ACPI: FACS 0x00000000BFEFFFC0 000040
[    0.000000] ACPI: FACS 0x00000000BFEFFFC0 000040
[    0.000000] ACPI: BOOT 0x00000000BFEDDFB0 000028 (v01 PTLTD  $SBFTBL$ 06040000  LTP 00000001)
[    0.000000] ACPI: APIC 0x00000000BFEDD86E 000742 (v01 PTLTD  ? APIC   06040000  LTP 00000000)
[    0.000000] ACPI: MCFG 0x00000000BFEDD832 00003C (v01 PTLTD  $PCITBL$ 06040000  LTP 00000001)
[    0.000000] ACPI: SRAT 0x00000000BFEDC72F 0008D0 (v02 VMWARE MEMPLUG  06040000 VMW  00000001)
[    0.000000] ACPI: HPET 0x00000000BFEDC6F7 000038 (v01 VMWARE VMW HPET 06040000 VMW  00000001)
[    0.000000] ACPI: WAET 0x00000000BFEDC6CF 000028 (v01 VMWARE VMW WAET 06040000 VMW  00000001)
[    0.000000] ACPI: Local APIC address 0xfee00000
[    0.000000] system APIC only can use physical flat
[    0.000000] Setting APIC routing to physical flat.
[    0.000000] SRAT: PXM 0 -> APIC 0x00 -> Node 0
[    0.000000] SRAT: PXM 0 -> APIC 0x02 -> Node 0
[    0.000000] SRAT: PXM 0 -> APIC 0x04 -> Node 0
[    0.000000] SRAT: PXM 0 -> APIC 0x06 -> Node 0
[    0.000000] SRAT: PXM 0 -> APIC 0x08 -> Node 0
[    0.000000] SRAT: PXM 0 -> APIC 0x0a -> Node 0
[    0.000000] SRAT: PXM 0 -> APIC 0x0c -> Node 0
[    0.000000] SRAT: PXM 0 -> APIC 0x0e -> Node 0
[    0.000000] SRAT: PXM 0 -> APIC 0x10 -> Node 0
[    0.000000] SRAT: PXM 0 -> APIC 0x12 -> Node 0
[    0.000000] SRAT: PXM 0 -> APIC 0x14 -> Node 0
[    0.000000] SRAT: PXM 0 -> APIC 0x16 -> Node 0
[    0.000000] SRAT: PXM 0 -> APIC 0x18 -> Node 0
[    0.000000] SRAT: PXM 0 -> APIC 0x1a -> Node 0
[    0.000000] SRAT: PXM 0 -> APIC 0x1c -> Node 0
[    0.000000] SRAT: PXM 0 -> APIC 0x1e -> Node 0
[    0.000000] SRAT: PXM 0 -> APIC 0x20 -> Node 0
[    0.000000] SRAT: PXM 0 -> APIC 0x22 -> Node 0
[    0.000000] SRAT: PXM 0 -> APIC 0x24 -> Node 0
[    0.000000] SRAT: PXM 0 -> APIC 0x26 -> Node 0
[    0.000000] SRAT: PXM 0 -> APIC 0x28 -> Node 0
[    0.000000] SRAT: PXM 0 -> APIC 0x2a -> Node 0
[    0.000000] SRAT: PXM 0 -> APIC 0x2c -> Node 0
[    0.000000] SRAT: PXM 0 -> APIC 0x2e -> Node 0
[    0.000000] SRAT: PXM 0 -> APIC 0x30 -> Node 0
[    0.000000] SRAT: PXM 0 -> APIC 0x32 -> Node 0
[    0.000000] SRAT: PXM 0 -> APIC 0x34 -> Node 0
[    0.000000] SRAT: PXM 0 -> APIC 0x36 -> Node 0
[    0.000000] SRAT: PXM 0 -> APIC 0x38 -> Node 0
[    0.000000] SRAT: PXM 0 -> APIC 0x3a -> Node 0
[    0.000000] SRAT: PXM 0 -> APIC 0x3c -> Node 0
[    0.000000] SRAT: PXM 0 -> APIC 0x3e -> Node 0
[    0.000000] SRAT: PXM 0 -> APIC 0x40 -> Node 0
[    0.000000] SRAT: PXM 0 -> APIC 0x42 -> Node 0
[    0.000000] SRAT: PXM 0 -> APIC 0x44 -> Node 0
[    0.000000] SRAT: PXM 0 -> APIC 0x46 -> Node 0
[    0.000000] SRAT: PXM 0 -> APIC 0x48 -> Node 0
[    0.000000] SRAT: PXM 0 -> APIC 0x4a -> Node 0
[    0.000000] SRAT: PXM 0 -> APIC 0x4c -> Node 0
[    0.000000] SRAT: PXM 0 -> APIC 0x4e -> Node 0
[    0.000000] SRAT: PXM 0 -> APIC 0x50 -> Node 0
[    0.000000] SRAT: PXM 0 -> APIC 0x52 -> Node 0
[    0.000000] SRAT: PXM 0 -> APIC 0x54 -> Node 0
[    0.000000] SRAT: PXM 0 -> APIC 0x56 -> Node 0
[    0.000000] SRAT: PXM 0 -> APIC 0x58 -> Node 0
[    0.000000] SRAT: PXM 0 -> APIC 0x5a -> Node 0
[    0.000000] SRAT: PXM 0 -> APIC 0x5c -> Node 0
[    0.000000] SRAT: PXM 0 -> APIC 0x5e -> Node 0
[    0.000000] SRAT: PXM 0 -> APIC 0x60 -> Node 0
[    0.000000] SRAT: PXM 0 -> APIC 0x62 -> Node 0
[    0.000000] SRAT: PXM 0 -> APIC 0x64 -> Node 0
[    0.000000] SRAT: PXM 0 -> APIC 0x66 -> Node 0
[    0.000000] SRAT: PXM 0 -> APIC 0x68 -> Node 0
[    0.000000] SRAT: PXM 0 -> APIC 0x6a -> Node 0
[    0.000000] SRAT: PXM 0 -> APIC 0x6c -> Node 0
[    0.000000] SRAT: PXM 0 -> APIC 0x6e -> Node 0
[    0.000000] SRAT: PXM 0 -> APIC 0x70 -> Node 0
[    0.000000] SRAT: PXM 0 -> APIC 0x72 -> Node 0
[    0.000000] SRAT: PXM 0 -> APIC 0x74 -> Node 0
[    0.000000] SRAT: PXM 0 -> APIC 0x76 -> Node 0
[    0.000000] SRAT: PXM 0 -> APIC 0x78 -> Node 0
[    0.000000] SRAT: PXM 0 -> APIC 0x7a -> Node 0
[    0.000000] SRAT: PXM 0 -> APIC 0x7c -> Node 0
[    0.000000] SRAT: PXM 0 -> APIC 0x7e -> Node 0
[    0.000000] SRAT: PXM 0 -> APIC 0x80 -> Node 0
[    0.000000] SRAT: PXM 0 -> APIC 0x82 -> Node 0
[    0.000000] SRAT: PXM 0 -> APIC 0x84 -> Node 0
[    0.000000] SRAT: PXM 0 -> APIC 0x86 -> Node 0
[    0.000000] SRAT: PXM 0 -> APIC 0x88 -> Node 0
[    0.000000] SRAT: PXM 0 -> APIC 0x8a -> Node 0
[    0.000000] SRAT: PXM 0 -> APIC 0x8c -> Node 0
[    0.000000] SRAT: PXM 0 -> APIC 0x8e -> Node 0
[    0.000000] SRAT: PXM 0 -> APIC 0x90 -> Node 0
[    0.000000] SRAT: PXM 0 -> APIC 0x92 -> Node 0
[    0.000000] SRAT: PXM 0 -> APIC 0x94 -> Node 0
[    0.000000] SRAT: PXM 0 -> APIC 0x96 -> Node 0
[    0.000000] SRAT: PXM 0 -> APIC 0x98 -> Node 0
[    0.000000] SRAT: PXM 0 -> APIC 0x9a -> Node 0
[    0.000000] SRAT: PXM 0 -> APIC 0x9c -> Node 0
[    0.000000] SRAT: PXM 0 -> APIC 0x9e -> Node 0
[    0.000000] SRAT: PXM 0 -> APIC 0xa0 -> Node 0
[    0.000000] SRAT: PXM 0 -> APIC 0xa2 -> Node 0
[    0.000000] SRAT: PXM 0 -> APIC 0xa4 -> Node 0
[    0.000000] SRAT: PXM 0 -> APIC 0xa6 -> Node 0
[    0.000000] SRAT: PXM 0 -> APIC 0xa8 -> Node 0
[    0.000000] SRAT: PXM 0 -> APIC 0xaa -> Node 0
[    0.000000] SRAT: PXM 0 -> APIC 0xac -> Node 0
[    0.000000] SRAT: PXM 0 -> APIC 0xae -> Node 0
[    0.000000] SRAT: PXM 0 -> APIC 0xb0 -> Node 0
[    0.000000] SRAT: PXM 0 -> APIC 0xb2 -> Node 0
[    0.000000] SRAT: PXM 0 -> APIC 0xb4 -> Node 0
[    0.000000] SRAT: PXM 0 -> APIC 0xb6 -> Node 0
[    0.000000] SRAT: PXM 0 -> APIC 0xb8 -> Node 0
[    0.000000] SRAT: PXM 0 -> APIC 0xba -> Node 0
[    0.000000] SRAT: PXM 0 -> APIC 0xbc -> Node 0
[    0.000000] SRAT: PXM 0 -> APIC 0xbe -> Node 0
[    0.000000] SRAT: PXM 0 -> APIC 0xc0 -> Node 0
[    0.000000] SRAT: PXM 0 -> APIC 0xc2 -> Node 0
[    0.000000] SRAT: PXM 0 -> APIC 0xc4 -> Node 0
[    0.000000] SRAT: PXM 0 -> APIC 0xc6 -> Node 0
[    0.000000] SRAT: PXM 0 -> APIC 0xc8 -> Node 0
[    0.000000] SRAT: PXM 0 -> APIC 0xca -> Node 0
[    0.000000] SRAT: PXM 0 -> APIC 0xcc -> Node 0
[    0.000000] SRAT: PXM 0 -> APIC 0xce -> Node 0
[    0.000000] SRAT: PXM 0 -> APIC 0xd0 -> Node 0
[    0.000000] SRAT: PXM 0 -> APIC 0xd2 -> Node 0
[    0.000000] SRAT: PXM 0 -> APIC 0xd4 -> Node 0
[    0.000000] SRAT: PXM 0 -> APIC 0xd6 -> Node 0
[    0.000000] SRAT: PXM 0 -> APIC 0xd8 -> Node 0
[    0.000000] SRAT: PXM 0 -> APIC 0xda -> Node 0
[    0.000000] SRAT: PXM 0 -> APIC 0xdc -> Node 0
[    0.000000] SRAT: PXM 0 -> APIC 0xde -> Node 0
[    0.000000] SRAT: PXM 0 -> APIC 0xe0 -> Node 0
[    0.000000] SRAT: PXM 0 -> APIC 0xe2 -> Node 0
[    0.000000] SRAT: PXM 0 -> APIC 0xe4 -> Node 0
[    0.000000] SRAT: PXM 0 -> APIC 0xe6 -> Node 0
[    0.000000] SRAT: PXM 0 -> APIC 0xe8 -> Node 0
[    0.000000] SRAT: PXM 0 -> APIC 0xea -> Node 0
[    0.000000] SRAT: PXM 0 -> APIC 0xec -> Node 0
[    0.000000] SRAT: PXM 0 -> APIC 0xee -> Node 0
[    0.000000] SRAT: PXM 0 -> APIC 0xf0 -> Node 0
[    0.000000] SRAT: PXM 0 -> APIC 0xf2 -> Node 0
[    0.000000] SRAT: PXM 0 -> APIC 0xf4 -> Node 0
[    0.000000] SRAT: PXM 0 -> APIC 0xf6 -> Node 0
[    0.000000] SRAT: PXM 0 -> APIC 0xf8 -> Node 0
[    0.000000] SRAT: PXM 0 -> APIC 0xfa -> Node 0
[    0.000000] SRAT: PXM 0 -> APIC 0xfc -> Node 0
[    0.000000] SRAT: PXM 0 -> APIC 0xfe -> Node 0
[    0.000000] ACPI: SRAT: Node 0 PXM 0 [mem 0x00000000-0x0009ffff]
[    0.000000] ACPI: SRAT: Node 0 PXM 0 [mem 0x00100000-0xbfffffff]
[    0.000000] ACPI: SRAT: Node 0 PXM 0 [mem 0x100000000-0x13fffffff]
[    0.000000] ACPI: SRAT: Node 0 PXM 0 [mem 0x140000000-0x103fffffff] hotplug
[    0.000000] NUMA: Node 0 [mem 0x00000000-0x0009ffff] + [mem 0x00100000-0xbfffffff] -> [mem 0x00000000-0xbfffffff]
[    0.000000] NUMA: Node 0 [mem 0x00000000-0xbfffffff] + [mem 0x100000000-0x13fffffff] -> [mem 0x00000000-0x13fffffff]
[    0.000000] NODE_DATA(0) allocated [mem 0x13ffd3000-0x13fffdfff]
[    0.000000] Zone ranges:
[    0.000000]   DMA      [mem 0x0000000000001000-0x0000000000ffffff]
[    0.000000]   DMA32    [mem 0x0000000001000000-0x00000000ffffffff]
[    0.000000]   Normal   [mem 0x0000000100000000-0x000000013fffffff]
[    0.000000]   Device   empty
[    0.000000] Movable zone start for each node
[    0.000000] Early memory node ranges
[    0.000000]   node   0: [mem 0x0000000000001000-0x000000000009dfff]
[    0.000000]   node   0: [mem 0x0000000000100000-0x00000000bfecffff]
[    0.000000]   node   0: [mem 0x00000000bff00000-0x00000000bfffffff]
[    0.000000]   node   0: [mem 0x0000000100000000-0x000000013fffffff]
[    0.000000] Reserved but unavailable: 147 pages
[    0.000000] Initmem setup node 0 [mem 0x0000000000001000-0x000000013fffffff]
[    0.000000] On node 0 totalpages: 1048429
[    0.000000]   DMA zone: 64 pages used for memmap
[    0.000000]   DMA zone: 21 pages reserved
[    0.000000]   DMA zone: 3997 pages, LIFO batch:0
[    0.000000]   DMA32 zone: 12224 pages used for memmap
[    0.000000]   DMA32 zone: 782288 pages, LIFO batch:31
[    0.000000]   Normal zone: 4096 pages used for memmap
[    0.000000]   Normal zone: 262144 pages, LIFO batch:31
[    0.000000] ACPI: PM-Timer IO Port: 0x1008
[    0.000000] ACPI: Local APIC address 0xfee00000
[    0.000000] system APIC only can use physical flat
[    0.000000] ACPI: LAPIC_NMI (acpi_id[0x00] high edge lint[0x1])
[    0.000000] ACPI: LAPIC_NMI (acpi_id[0x01] high edge lint[0x1])
[    0.000000] ACPI: LAPIC_NMI (acpi_id[0x02] high edge lint[0x1])
[    0.000000] ACPI: LAPIC_NMI (acpi_id[0x03] high edge lint[0x1])
[    0.000000] ACPI: LAPIC_NMI (acpi_id[0x04] high edge lint[0x1])
[    0.000000] ACPI: LAPIC_NMI (acpi_id[0x05] high edge lint[0x1])
[    0.000000] ACPI: LAPIC_NMI (acpi_id[0x06] high edge lint[0x1])
[    0.000000] ACPI: LAPIC_NMI (acpi_id[0x07] high edge lint[0x1])
[    0.000000] ACPI: LAPIC_NMI (acpi_id[0x08] high edge lint[0x1])
[    0.000000] ACPI: LAPIC_NMI (acpi_id[0x09] high edge lint[0x1])
[    0.000000] ACPI: LAPIC_NMI (acpi_id[0x0a] high edge lint[0x1])
[    0.000000] ACPI: LAPIC_NMI (acpi_id[0x0b] high edge lint[0x1])
[    0.000000] ACPI: LAPIC_NMI (acpi_id[0x0c] high edge lint[0x1])
[    0.000000] ACPI: LAPIC_NMI (acpi_id[0x0d] high edge lint[0x1])
[    0.000000] ACPI: LAPIC_NMI (acpi_id[0x0e] high edge lint[0x1])
[    0.000000] ACPI: LAPIC_NMI (acpi_id[0x0f] high edge lint[0x1])
[    0.000000] ACPI: LAPIC_NMI (acpi_id[0x10] high edge lint[0x1])
[    0.000000] ACPI: LAPIC_NMI (acpi_id[0x11] high edge lint[0x1])
[    0.000000] ACPI: LAPIC_NMI (acpi_id[0x12] high edge lint[0x1])
[    0.000000] ACPI: LAPIC_NMI (acpi_id[0x13] high edge lint[0x1])
[    0.000000] ACPI: LAPIC_NMI (acpi_id[0x14] high edge lint[0x1])
[    0.000000] ACPI: LAPIC_NMI (acpi_id[0x15] high edge lint[0x1])
[    0.000000] ACPI: LAPIC_NMI (acpi_id[0x16] high edge lint[0x1])
[    0.000000] ACPI: LAPIC_NMI (acpi_id[0x17] high edge lint[0x1])
[    0.000000] ACPI: LAPIC_NMI (acpi_id[0x18] high edge lint[0x1])
[    0.000000] ACPI: LAPIC_NMI (acpi_id[0x19] high edge lint[0x1])
[    0.000000] ACPI: LAPIC_NMI (acpi_id[0x1a] high edge lint[0x1])
[    0.000000] ACPI: LAPIC_NMI (acpi_id[0x1b] high edge lint[0x1])
[    0.000000] ACPI: LAPIC_NMI (acpi_id[0x1c] high edge lint[0x1])
[    0.000000] ACPI: LAPIC_NMI (acpi_id[0x1d] high edge lint[0x1])
[    0.000000] ACPI: LAPIC_NMI (acpi_id[0x1e] high edge lint[0x1])
[    0.000000] ACPI: LAPIC_NMI (acpi_id[0x1f] high edge lint[0x1])
[    0.000000] ACPI: LAPIC_NMI (acpi_id[0x20] high edge lint[0x1])
[    0.000000] ACPI: LAPIC_NMI (acpi_id[0x21] high edge lint[0x1])
[    0.000000] ACPI: LAPIC_NMI (acpi_id[0x22] high edge lint[0x1])
[    0.000000] ACPI: LAPIC_NMI (acpi_id[0x23] high edge lint[0x1])
[    0.000000] ACPI: LAPIC_NMI (acpi_id[0x24] high edge lint[0x1])
[    0.000000] ACPI: LAPIC_NMI (acpi_id[0x25] high edge lint[0x1])
[    0.000000] ACPI: LAPIC_NMI (acpi_id[0x26] high edge lint[0x1])
[    0.000000] ACPI: LAPIC_NMI (acpi_id[0x27] high edge lint[0x1])
[    0.000000] ACPI: LAPIC_NMI (acpi_id[0x28] high edge lint[0x1])
[    0.000000] ACPI: LAPIC_NMI (acpi_id[0x29] high edge lint[0x1])
[    0.000000] ACPI: LAPIC_NMI (acpi_id[0x2a] high edge lint[0x1])
[    0.000000] ACPI: LAPIC_NMI (acpi_id[0x2b] high edge lint[0x1])
[    0.000000] ACPI: LAPIC_NMI (acpi_id[0x2c] high edge lint[0x1])
[    0.000000] ACPI: LAPIC_NMI (acpi_id[0x2d] high edge lint[0x1])
[    0.000000] ACPI: LAPIC_NMI (acpi_id[0x2e] high edge lint[0x1])
[    0.000000] ACPI: LAPIC_NMI (acpi_id[0x2f] high edge lint[0x1])
[    0.000000] ACPI: LAPIC_NMI (acpi_id[0x30] high edge lint[0x1])
[    0.000000] ACPI: LAPIC_NMI (acpi_id[0x31] high edge lint[0x1])
[    0.000000] ACPI: LAPIC_NMI (acpi_id[0x32] high edge lint[0x1])
[    0.000000] ACPI: LAPIC_NMI (acpi_id[0x33] high edge lint[0x1])
[    0.000000] ACPI: LAPIC_NMI (acpi_id[0x34] high edge lint[0x1])
[    0.000000] ACPI: LAPIC_NMI (acpi_id[0x35] high edge lint[0x1])
[    0.000000] ACPI: LAPIC_NMI (acpi_id[0x36] high edge lint[0x1])
[    0.000000] ACPI: LAPIC_NMI (acpi_id[0x37] high edge lint[0x1])
[    0.000000] ACPI: LAPIC_NMI (acpi_id[0x38] high edge lint[0x1])
[    0.000000] ACPI: LAPIC_NMI (acpi_id[0x39] high edge lint[0x1])
[    0.000000] ACPI: LAPIC_NMI (acpi_id[0x3a] high edge lint[0x1])
[    0.000000] ACPI: LAPIC_NMI (acpi_id[0x3b] high edge lint[0x1])
[    0.000000] ACPI: LAPIC_NMI (acpi_id[0x3c] high edge lint[0x1])
[    0.000000] ACPI: LAPIC_NMI (acpi_id[0x3d] high edge lint[0x1])
[    0.000000] ACPI: LAPIC_NMI (acpi_id[0x3e] high edge lint[0x1])
[    0.000000] ACPI: LAPIC_NMI (acpi_id[0x3f] high edge lint[0x1])
[    0.000000] ACPI: LAPIC_NMI (acpi_id[0x40] high edge lint[0x1])
[    0.000000] ACPI: LAPIC_NMI (acpi_id[0x41] high edge lint[0x1])
[    0.000000] ACPI: LAPIC_NMI (acpi_id[0x42] high edge lint[0x1])
[    0.000000] ACPI: LAPIC_NMI (acpi_id[0x43] high edge lint[0x1])
[    0.000000] ACPI: LAPIC_NMI (acpi_id[0x44] high edge lint[0x1])
[    0.000000] ACPI: LAPIC_NMI (acpi_id[0x45] high edge lint[0x1])
[    0.000000] ACPI: LAPIC_NMI (acpi_id[0x46] high edge lint[0x1])
[    0.000000] ACPI: LAPIC_NMI (acpi_id[0x47] high edge lint[0x1])
[    0.000000] ACPI: LAPIC_NMI (acpi_id[0x48] high edge lint[0x1])
[    0.000000] ACPI: LAPIC_NMI (acpi_id[0x49] high edge lint[0x1])
[    0.000000] ACPI: LAPIC_NMI (acpi_id[0x4a] high edge lint[0x1])
[    0.000000] ACPI: LAPIC_NMI (acpi_id[0x4b] high edge lint[0x1])
[    0.000000] ACPI: LAPIC_NMI (acpi_id[0x4c] high edge lint[0x1])
[    0.000000] ACPI: LAPIC_NMI (acpi_id[0x4d] high edge lint[0x1])
[    0.000000] ACPI: LAPIC_NMI (acpi_id[0x4e] high edge lint[0x1])
[    0.000000] ACPI: LAPIC_NMI (acpi_id[0x4f] high edge lint[0x1])
[    0.000000] ACPI: LAPIC_NMI (acpi_id[0x50] high edge lint[0x1])
[    0.000000] ACPI: LAPIC_NMI (acpi_id[0x51] high edge lint[0x1])
[    0.000000] ACPI: LAPIC_NMI (acpi_id[0x52] high edge lint[0x1])
[    0.000000] ACPI: LAPIC_NMI (acpi_id[0x53] high edge lint[0x1])
[    0.000000] ACPI: LAPIC_NMI (acpi_id[0x54] high edge lint[0x1])
[    0.000000] ACPI: LAPIC_NMI (acpi_id[0x55] high edge lint[0x1])
[    0.000000] ACPI: LAPIC_NMI (acpi_id[0x56] high edge lint[0x1])
[    0.000000] ACPI: LAPIC_NMI (acpi_id[0x57] high edge lint[0x1])
[    0.000000] ACPI: LAPIC_NMI (acpi_id[0x58] high edge lint[0x1])
[    0.000000] ACPI: LAPIC_NMI (acpi_id[0x59] high edge lint[0x1])
[    0.000000] ACPI: LAPIC_NMI (acpi_id[0x5a] high edge lint[0x1])
[    0.000000] ACPI: LAPIC_NMI (acpi_id[0x5b] high edge lint[0x1])
[    0.000000] ACPI: LAPIC_NMI (acpi_id[0x5c] high edge lint[0x1])
[    0.000000] ACPI: LAPIC_NMI (acpi_id[0x5d] high edge lint[0x1])
[    0.000000] ACPI: LAPIC_NMI (acpi_id[0x5e] high edge lint[0x1])
[    0.000000] ACPI: LAPIC_NMI (acpi_id[0x5f] high edge lint[0x1])
[    0.000000] ACPI: LAPIC_NMI (acpi_id[0x60] high edge lint[0x1])
[    0.000000] ACPI: LAPIC_NMI (acpi_id[0x61] high edge lint[0x1])
[    0.000000] ACPI: LAPIC_NMI (acpi_id[0x62] high edge lint[0x1])
[    0.000000] ACPI: LAPIC_NMI (acpi_id[0x63] high edge lint[0x1])
[    0.000000] ACPI: LAPIC_NMI (acpi_id[0x64] high edge lint[0x1])
[    0.000000] ACPI: LAPIC_NMI (acpi_id[0x65] high edge lint[0x1])
[    0.000000] ACPI: LAPIC_NMI (acpi_id[0x66] high edge lint[0x1])
[    0.000000] ACPI: LAPIC_NMI (acpi_id[0x67] high edge lint[0x1])
[    0.000000] ACPI: LAPIC_NMI (acpi_id[0x68] high edge lint[0x1])
[    0.000000] ACPI: LAPIC_NMI (acpi_id[0x69] high edge lint[0x1])
[    0.000000] ACPI: LAPIC_NMI (acpi_id[0x6a] high edge lint[0x1])
[    0.000000] ACPI: LAPIC_NMI (acpi_id[0x6b] high edge lint[0x1])
[    0.000000] ACPI: LAPIC_NMI (acpi_id[0x6c] high edge lint[0x1])
[    0.000000] ACPI: LAPIC_NMI (acpi_id[0x6d] high edge lint[0x1])
[    0.000000] ACPI: LAPIC_NMI (acpi_id[0x6e] high edge lint[0x1])
[    0.000000] ACPI: LAPIC_NMI (acpi_id[0x6f] high edge lint[0x1])
[    0.000000] ACPI: LAPIC_NMI (acpi_id[0x70] high edge lint[0x1])
[    0.000000] ACPI: LAPIC_NMI (acpi_id[0x71] high edge lint[0x1])
[    0.000000] ACPI: LAPIC_NMI (acpi_id[0x72] high edge lint[0x1])
[    0.000000] ACPI: LAPIC_NMI (acpi_id[0x73] high edge lint[0x1])
[    0.000000] ACPI: LAPIC_NMI (acpi_id[0x74] high edge lint[0x1])
[    0.000000] ACPI: LAPIC_NMI (acpi_id[0x75] high edge lint[0x1])
[    0.000000] ACPI: LAPIC_NMI (acpi_id[0x76] high edge lint[0x1])
[    0.000000] ACPI: LAPIC_NMI (acpi_id[0x77] high edge lint[0x1])
[    0.000000] ACPI: LAPIC_NMI (acpi_id[0x78] high edge lint[0x1])
[    0.000000] ACPI: LAPIC_NMI (acpi_id[0x79] high edge lint[0x1])
[    0.000000] ACPI: LAPIC_NMI (acpi_id[0x7a] high edge lint[0x1])
[    0.000000] ACPI: LAPIC_NMI (acpi_id[0x7b] high edge lint[0x1])
[    0.000000] ACPI: LAPIC_NMI (acpi_id[0x7c] high edge lint[0x1])
[    0.000000] ACPI: LAPIC_NMI (acpi_id[0x7d] high edge lint[0x1])
[    0.000000] ACPI: LAPIC_NMI (acpi_id[0x7e] high edge lint[0x1])
[    0.000000] ACPI: LAPIC_NMI (acpi_id[0x7f] high edge lint[0x1])
[    0.000000] IOAPIC[0]: apic_id 1, version 32, address 0xfec00000, GSI 0-23
[    0.000000] ACPI: INT_SRC_OVR (bus 0 bus_irq 0 global_irq 2 high edge)
[    0.000000] ACPI: IRQ0 used by override.
[    0.000000] ACPI: IRQ9 used by override.
[    0.000000] Using ACPI (MADT) for SMP configuration information
[    0.000000] ACPI: HPET id: 0x8086af01 base: 0xfed00000
[    0.000000] smpboot: Allowing 128 CPUs, 126 hotplug CPUs
[    0.000000] PM: Registered nosave memory: [mem 0x00000000-0x00000fff]
[    0.000000] PM: Registered nosave memory: [mem 0x0009e000-0x0009efff]
[    0.000000] PM: Registered nosave memory: [mem 0x0009f000-0x0009ffff]
[    0.000000] PM: Registered nosave memory: [mem 0x000a0000-0x000dbfff]
[    0.000000] PM: Registered nosave memory: [mem 0x000dc000-0x000fffff]
[    0.000000] PM: Registered nosave memory: [mem 0xbfed0000-0xbfefefff]
[    0.000000] PM: Registered nosave memory: [mem 0xbfeff000-0xbfefffff]
[    0.000000] PM: Registered nosave memory: [mem 0xc0000000-0xefffffff]
[    0.000000] PM: Registered nosave memory: [mem 0xf0000000-0xf7ffffff]
[    0.000000] PM: Registered nosave memory: [mem 0xf8000000-0xfebfffff]
[    0.000000] PM: Registered nosave memory: [mem 0xfec00000-0xfec0ffff]
[    0.000000] PM: Registered nosave memory: [mem 0xfec10000-0xfedfffff]
[    0.000000] PM: Registered nosave memory: [mem 0xfee00000-0xfee00fff]
[    0.000000] PM: Registered nosave memory: [mem 0xfee01000-0xfffdffff]
[    0.000000] PM: Registered nosave memory: [mem 0xfffe0000-0xffffffff]
[    0.000000] [mem 0xc0000000-0xefffffff] available for PCI devices
[    0.000000] Booting paravirtualized kernel on VMware hypervisor
[    0.000000] clocksource: refined-jiffies: mask: 0xffffffff max_cycles: 0xffffffff, max_idle_ns: 7645519600211568 ns
[    0.000000] random: get_random_bytes called from start_kernel+0x99/0x55a with crng_init=0
[    0.000000] setup_percpu: NR_CPUS:8192 nr_cpumask_bits:128 nr_cpu_ids:128 nr_node_ids:1
[    0.000000] percpu: Embedded 46 pages/cpu @(____ptrval____) s151552 r8192 d28672 u262144
[    0.000000] pcpu-alloc: s151552 r8192 d28672 u262144 alloc=1*2097152
[    0.000000] pcpu-alloc: [0] 000 001 002 003 004 005 006 007 
[    0.000000] pcpu-alloc: [0] 008 009 010 011 012 013 014 015 
[    0.000000] pcpu-alloc: [0] 016 017 018 019 020 021 022 023 
[    0.000000] pcpu-alloc: [0] 024 025 026 027 028 029 030 031 
[    0.000000] pcpu-alloc: [0] 032 033 034 035 036 037 038 039 
[    0.000000] pcpu-alloc: [0] 040 041 042 043 044 045 046 047 
[    0.000000] pcpu-alloc: [0] 048 049 050 051 052 053 054 055 
[    0.000000] pcpu-alloc: [0] 056 057 058 059 060 061 062 063 
[    0.000000] pcpu-alloc: [0] 064 065 066 067 068 069 070 071 
[    0.000000] pcpu-alloc: [0] 072 073 074 075 076 077 078 079 
[    0.000000] pcpu-alloc: [0] 080 081 082 083 084 085 086 087 
[    0.000000] pcpu-alloc: [0] 088 089 090 091 092 093 094 095 
[    0.000000] pcpu-alloc: [0] 096 097 098 099 100 101 102 103 
[    0.000000] pcpu-alloc: [0] 104 105 106 107 108 109 110 111 
[    0.000000] pcpu-alloc: [0] 112 113 114 115 116 117 118 119 
[    0.000000] pcpu-alloc: [0] 120 121 122 123 124 125 126 127 
[    0.000000] Built 1 zonelists, mobility grouping on.  Total pages: 1032024
[    0.000000] Policy zone: Normal
[    0.000000] Kernel command line: BOOT_IMAGE=/boot/vmlinuz-4.18.0-10-generic root=UUID=fd066fdc-d263-443a-90de-39e502c0f0f7 ro quiet splash
[    0.000000] log_buf_len individual max cpu contribution: 4096 bytes
[    0.000000] log_buf_len total cpu_extra contributions: 520192 bytes
[    0.000000] log_buf_len min size: 262144 bytes
[    0.000000] log_buf_len: 1048576 bytes
[    0.000000] early log buf free: 235340(89%)
[    0.000000] Calgary: detecting Calgary via BIOS EBDA area
[    0.000000] Calgary: Unable to locate Rio Grande table in EBDA - bailing!
[    0.000000] Memory: 3970496K/4193716K available (12300K kernel code, 2633K rwdata, 4348K rodata, 2440K init, 2336K bss, 223220K reserved, 0K cma-reserved)
[    0.000000] SLUB: HWalign=64, Order=0-3, MinObjects=0, CPUs=128, Nodes=1
[    0.000000] Kernel/User page tables isolation: enabled
[    0.000000] ftrace: allocating 40807 entries in 160 pages
[    0.004000] Hierarchical RCU implementation.
[    0.004000] 	RCU restricting CPUs from NR_CPUS=8192 to nr_cpu_ids=128.
[    0.004000] 	Tasks RCU enabled.
[    0.004000] RCU: Adjusting geometry for rcu_fanout_leaf=16, nr_cpu_ids=128
[    0.004000] NR_IRQS: 524544, nr_irqs: 1448, preallocated irqs: 16
[    0.004000] Console: colour VGA+ 80x25
[    0.004000] console [tty0] enabled
[    0.004000] ACPI: Core revision 20180531
[    0.004000] clocksource: hpet: mask: 0xffffffff max_cycles: 0xffffffff, max_idle_ns: 133484882848 ns
[    0.004000] hpet clockevent registered
[    0.004000] APIC: Switch to symmetric I/O mode setup
[    0.004000] x2apic enabled
[    0.004000] Switched APIC routing to physical x2apic.
[    0.004000] ..TIMER: vector=0x30 apic1=0 pin1=2 apic2=-1 pin2=-1
[    0.004000] tsc: Detected 1800.001 MHz processor
[    0.004000] clocksource: tsc-early: mask: 0xffffffffffffffff max_cycles: 0x19f22aa45f0, max_idle_ns: 440795269146 ns
[    0.004000] Calibrating delay loop (skipped) preset value.. 3600.00 BogoMIPS (lpj=7200004)
[    0.004000] pid_max: default: 131072 minimum: 1024
[    0.004000] Security Framework initialized
[    0.004000] Yama: becoming mindful.
[    0.004000] AppArmor: AppArmor initialized
[    0.006250] Dentry cache hash table entries: 524288 (order: 10, 4194304 bytes)
[    0.007519] Inode-cache hash table entries: 262144 (order: 9, 2097152 bytes)
[    0.007610] Mount-cache hash table entries: 8192 (order: 4, 65536 bytes)
[    0.007647] Mountpoint-cache hash table entries: 8192 (order: 4, 65536 bytes)
[    0.008478] Disabled fast string operations
[    0.008513] mce: CPU supports 8 MCE banks
[    0.008572] Last level iTLB entries: 4KB 64, 2MB 8, 4MB 8
[    0.008573] Last level dTLB entries: 4KB 64, 2MB 0, 4MB 0, 1GB 4
[    0.008576] Spectre V2 : Mitigation: Full generic retpoline
[    0.008577] Spectre V2 : Spectre v2 / SpectreRSB mitigation: Filling RSB on context switch
[    0.008578] Spectre V2 : Spectre v2 mitigation: Enabling Indirect Branch Prediction Barrier
[    0.008579] Spectre V2 : Enabling Restricted Speculation for firmware calls
[    0.008580] Speculative Store Bypass: Vulnerable
[    0.008743] Freeing SMP alternatives memory: 36K
[    0.012395] TSC deadline timer enabled
[    0.012475] smpboot: CPU0: Intel(R) Core(TM) i5-8250U CPU @ 1.60GHz (family: 0x6, model: 0x8e, stepping: 0xa)
[    0.013322] Performance Events: Skylake events, core PMU driver.
[    0.013350] core: CPUID marked event: 'cpu cycles' unavailable
[    0.013351] core: CPUID marked event: 'instructions' unavailable
[    0.013352] core: CPUID marked event: 'bus cycles' unavailable
[    0.013353] core: CPUID marked event: 'cache references' unavailable
[    0.013354] core: CPUID marked event: 'cache misses' unavailable
[    0.013355] core: CPUID marked event: 'branch instructions' unavailable
[    0.013355] core: CPUID marked event: 'branch misses' unavailable
[    0.013361] ... version:                1
[    0.013361] ... bit width:              48
[    0.013362] ... generic registers:      4
[    0.013364] ... value mask:             0000ffffffffffff
[    0.013365] ... max period:             000000007fffffff
[    0.013366] ... fixed-purpose events:   0
[    0.013367] ... event mask:             000000000000000f
[    0.013503] Hierarchical SRCU implementation.
[    0.014736] NMI watchdog: Perf event create on CPU 0 failed with -2
[    0.014737] NMI watchdog: Perf NMI watchdog permanently disabled
[    0.026872] smp: Bringing up secondary CPUs ...
[    0.027158] x86: Booting SMP configuration:
[    0.027160] .... node  #0, CPUs:          #1
[    0.004000] Disabled fast string operations
[    0.004000] smpboot: CPU 1 Converting physical 2 to logical package 1
[    0.029187] smp: Brought up 1 node, 2 CPUs
[    0.029187] smpboot: Max logical packages: 128
[    0.029187] smpboot: Total of 2 processors activated (7200.00 BogoMIPS)
[    0.029452] devtmpfs: initialized
[    0.029452] x86/mm: Memory block size: 128MB
[    0.032147] PM: Registering ACPI NVS region [mem 0xbfeff000-0xbfefffff] (4096 bytes)
[    0.032395] clocksource: jiffies: mask: 0xffffffff max_cycles: 0xffffffff, max_idle_ns: 7645041785100000 ns
[    0.032395] futex hash table entries: 32768 (order: 9, 2097152 bytes)
[    0.033331] pinctrl core: initialized pinctrl subsystem
[    0.033640] RTC time:  3:07:41, date: 04/01/19
[    0.034876] NET: Registered protocol family 16
[    0.034994] audit: initializing netlink subsys (disabled)
[    0.036010] audit: type=2000 audit(1554088061.036:1): state=initialized audit_enabled=0 res=1
[    0.036262] cpuidle: using governor ladder
[    0.036262] cpuidle: using governor menu
[    0.036262] Simple Boot Flag at 0x36 set to 0x80
[    0.036262] ACPI: bus type PCI registered
[    0.036262] acpiphp: ACPI Hot Plug PCI Controller Driver version: 0.5
[    0.036481] PCI: MMCONFIG for domain 0000 [bus 00-7f] at [mem 0xf0000000-0xf7ffffff] (base 0xf0000000)
[    0.036483] PCI: MMCONFIG at [mem 0xf0000000-0xf7ffffff] reserved in E820
[    0.036495] PCI: Using configuration type 1 for base access
[    0.040056] HugeTLB registered 1.00 GiB page size, pre-allocated 0 pages
[    0.040058] HugeTLB registered 2.00 MiB page size, pre-allocated 0 pages
[    0.040579] ACPI: Added _OSI(Module Device)
[    0.040579] ACPI: Added _OSI(Processor Device)
[    0.040579] ACPI: Added _OSI(3.0 _SCP Extensions)
[    0.040579] ACPI: Added _OSI(Processor Aggregator Device)
[    0.040579] ACPI: Added _OSI(Linux-Dell-Video)
[    0.040579] ACPI: Added _OSI(Linux-Lenovo-NV-HDMI-Audio)
[    0.083608] ACPI: 1 ACPI AML tables successfully acquired and loaded
[    0.093295] ACPI: [Firmware Bug]: BIOS _OSI(Linux) query ignored
[    0.157126] ACPI: Interpreter enabled
[    0.157154] ACPI: (supports S0 S1 S4 S5)
[    0.157156] ACPI: Using IOAPIC for interrupt routing
[    0.157207] PCI: Using host bridge windows from ACPI; if necessary, use "pci=nocrs" and report a bug
[    0.160442] ACPI: Enabled 4 GPEs in block 00 to 0F
[    0.594243] ACPI: PCI Root Bridge [PCI0] (domain 0000 [bus 00-7f])
[    0.594259] acpi PNP0A03:00: _OSC: OS supports [ExtendedConfig ASPM ClockPM Segments MSI]
[    0.594772] acpi PNP0A03:00: _OSC: platform does not support [AER LTR]
[    0.595310] acpi PNP0A03:00: _OSC: OS now controls [PCIeHotplug SHPCHotplug PME PCIeCapability]
[    0.599791] PCI host bridge to bus 0000:00
[    0.599796] pci_bus 0000:00: root bus resource [mem 0x000a0000-0x000bffff window]
[    0.599798] pci_bus 0000:00: root bus resource [mem 0x000d0000-0x000d3fff window]
[    0.599800] pci_bus 0000:00: root bus resource [mem 0x000d4000-0x000d7fff window]
[    0.599802] pci_bus 0000:00: root bus resource [mem 0x000d8000-0x000dbfff window]
[    0.599805] pci_bus 0000:00: root bus resource [mem 0xc0000000-0xfebfffff window]
[    0.599807] pci_bus 0000:00: root bus resource [io  0x0000-0x0cf7 window]
[    0.599809] pci_bus 0000:00: root bus resource [io  0x0d00-0xfeff window]
[    0.599812] pci_bus 0000:00: root bus resource [bus 00-7f]
[    0.599926] pci 0000:00:00.0: [8086:7190] type 00 class 0x060000
[    0.601923] pci 0000:00:01.0: [8086:7191] type 01 class 0x060400
[    0.605370] pci 0000:00:07.0: [8086:7110] type 00 class 0x060100
[    0.607210] pci 0000:00:07.1: [8086:7111] type 00 class 0x01018a
[    0.610508] pci 0000:00:07.1: reg 0x20: [io  0x1060-0x106f]
[    0.611835] pci 0000:00:07.1: legacy IDE quirk: reg 0x10: [io  0x01f0-0x01f7]
[    0.611838] pci 0000:00:07.1: legacy IDE quirk: reg 0x14: [io  0x03f6]
[    0.611840] pci 0000:00:07.1: legacy IDE quirk: reg 0x18: [io  0x0170-0x0177]
[    0.611842] pci 0000:00:07.1: legacy IDE quirk: reg 0x1c: [io  0x0376]
[    0.612479] pci 0000:00:07.3: [8086:7113] type 00 class 0x068000
[    0.616495] pci 0000:00:07.3: quirk: [io  0x1000-0x103f] claimed by PIIX4 ACPI
[    0.616522] pci 0000:00:07.3: quirk: [io  0x1040-0x104f] claimed by PIIX4 SMB
[    0.617305] pci 0000:00:07.7: [15ad:0740] type 00 class 0x088000
[    0.618815] pci 0000:00:07.7: reg 0x10: [io  0x1080-0x10bf]
[    0.620011] pci 0000:00:07.7: reg 0x14: [mem 0xfebfe000-0xfebfffff 64bit]
[    0.629852] pci 0000:00:0f.0: [15ad:0405] type 00 class 0x030000
[    0.633626] pci 0000:00:0f.0: reg 0x10: [io  0x1070-0x107f]
[    0.636008] pci 0000:00:0f.0: reg 0x14: [mem 0xe8000000-0xefffffff pref]
[    0.638007] pci 0000:00:0f.0: reg 0x18: [mem 0xfe000000-0xfe7fffff]
[    0.646371] pci 0000:00:0f.0: reg 0x30: [mem 0x00000000-0x00007fff pref]
[    0.647289] pci 0000:00:10.0: [1000:0030] type 00 class 0x010000
[    0.648618] pci 0000:00:10.0: reg 0x10: [io  0x1400-0x14ff]
[    0.650131] pci 0000:00:10.0: reg 0x14: [mem 0xfeba0000-0xfebbffff 64bit]
[    0.651759] pci 0000:00:10.0: reg 0x1c: [mem 0xfebc0000-0xfebdffff 64bit]
[    0.654443] pci 0000:00:10.0: reg 0x30: [mem 0x00000000-0x00003fff pref]
[    0.655328] pci 0000:00:11.0: [15ad:0790] type 01 class 0x060401
[    0.657427] pci 0000:00:15.0: [15ad:07a0] type 01 class 0x060400
[    0.658423] pci 0000:00:15.0: PME# supported from D0 D3hot D3cold
[    0.658983] pci 0000:00:15.1: [15ad:07a0] type 01 class 0x060400
[    0.659976] pci 0000:00:15.1: PME# supported from D0 D3hot D3cold
[    0.660513] pci 0000:00:15.2: [15ad:07a0] type 01 class 0x060400
[    0.661497] pci 0000:00:15.2: PME# supported from D0 D3hot D3cold
[    0.661965] pci 0000:00:15.3: [15ad:07a0] type 01 class 0x060400
[    0.662803] pci 0000:00:15.3: PME# supported from D0 D3hot D3cold
[    0.663286] pci 0000:00:15.4: [15ad:07a0] type 01 class 0x060400
[    0.664157] pci 0000:00:15.4: PME# supported from D0 D3hot D3cold
[    0.664633] pci 0000:00:15.5: [15ad:07a0] type 01 class 0x060400
[    0.665493] pci 0000:00:15.5: PME# supported from D0 D3hot D3cold
[    0.665969] pci 0000:00:15.6: [15ad:07a0] type 01 class 0x060400
[    0.666826] pci 0000:00:15.6: PME# supported from D0 D3hot D3cold
[    0.667303] pci 0000:00:15.7: [15ad:07a0] type 01 class 0x060400
[    0.668184] pci 0000:00:15.7: PME# supported from D0 D3hot D3cold
[    0.668864] pci 0000:00:16.0: [15ad:07a0] type 01 class 0x060400
[    0.669698] pci 0000:00:16.0: PME# supported from D0 D3hot D3cold
[    0.670168] pci 0000:00:16.1: [15ad:07a0] type 01 class 0x060400
[    0.671006] pci 0000:00:16.1: PME# supported from D0 D3hot D3cold
[    0.671468] pci 0000:00:16.2: [15ad:07a0] type 01 class 0x060400
[    0.672312] pci 0000:00:16.2: PME# supported from D0 D3hot D3cold
[    0.672775] pci 0000:00:16.3: [15ad:07a0] type 01 class 0x060400
[    0.673612] pci 0000:00:16.3: PME# supported from D0 D3hot D3cold
[    0.674078] pci 0000:00:16.4: [15ad:07a0] type 01 class 0x060400
[    0.674906] pci 0000:00:16.4: PME# supported from D0 D3hot D3cold
[    0.675358] pci 0000:00:16.5: [15ad:07a0] type 01 class 0x060400
[    0.676195] pci 0000:00:16.5: PME# supported from D0 D3hot D3cold
[    0.676663] pci 0000:00:16.6: [15ad:07a0] type 01 class 0x060400
[    0.677510] pci 0000:00:16.6: PME# supported from D0 D3hot D3cold
[    0.677983] pci 0000:00:16.7: [15ad:07a0] type 01 class 0x060400
[    0.678842] pci 0000:00:16.7: PME# supported from D0 D3hot D3cold
[    0.679533] pci 0000:00:17.0: [15ad:07a0] type 01 class 0x060400
[    0.680401] pci 0000:00:17.0: PME# supported from D0 D3hot D3cold
[    0.680892] pci 0000:00:17.1: [15ad:07a0] type 01 class 0x060400
[    0.682550] pci 0000:00:17.1: PME# supported from D0 D3hot D3cold
[    0.683486] pci 0000:00:17.2: [15ad:07a0] type 01 class 0x060400
[    0.684455] pci 0000:00:17.2: PME# supported from D0 D3hot D3cold
[    0.685345] pci 0000:00:17.3: [15ad:07a0] type 01 class 0x060400
[    0.686978] pci 0000:00:17.3: PME# supported from D0 D3hot D3cold
[    0.687894] pci 0000:00:17.4: [15ad:07a0] type 01 class 0x060400
[    0.689529] pci 0000:00:17.4: PME# supported from D0 D3hot D3cold
[    0.690434] pci 0000:00:17.5: [15ad:07a0] type 01 class 0x060400
[    0.692051] pci 0000:00:17.5: PME# supported from D0 D3hot D3cold
[    0.692957] pci 0000:00:17.6: [15ad:07a0] type 01 class 0x060400
[    0.694619] pci 0000:00:17.6: PME# supported from D0 D3hot D3cold
[    0.695530] pci 0000:00:17.7: [15ad:07a0] type 01 class 0x060400
[    0.697148] pci 0000:00:17.7: PME# supported from D0 D3hot D3cold
[    0.698460] pci 0000:00:18.0: [15ad:07a0] type 01 class 0x060400
[    0.700109] pci 0000:00:18.0: PME# supported from D0 D3hot D3cold
[    0.701045] pci 0000:00:18.1: [15ad:07a0] type 01 class 0x060400
[    0.702721] pci 0000:00:18.1: PME# supported from D0 D3hot D3cold
[    0.703694] pci 0000:00:18.2: [15ad:07a0] type 01 class 0x060400
[    0.705372] pci 0000:00:18.2: PME# supported from D0 D3hot D3cold
[    0.706311] pci 0000:00:18.3: [15ad:07a0] type 01 class 0x060400
[    0.707936] pci 0000:00:18.3: PME# supported from D0 D3hot D3cold
[    0.708852] pci 0000:00:18.4: [15ad:07a0] type 01 class 0x060400
[    0.710523] pci 0000:00:18.4: PME# supported from D0 D3hot D3cold
[    0.711462] pci 0000:00:18.5: [15ad:07a0] type 01 class 0x060400
[    0.713203] pci 0000:00:18.5: PME# supported from D0 D3hot D3cold
[    0.714149] pci 0000:00:18.6: [15ad:07a0] type 01 class 0x060400
[    0.715737] pci 0000:00:18.6: PME# supported from D0 D3hot D3cold
[    0.716637] pci 0000:00:18.7: [15ad:07a0] type 01 class 0x060400
[    0.718343] pci 0000:00:18.7: PME# supported from D0 D3hot D3cold
[    0.723293] pci_bus 0000:01: extended config space not accessible
[    0.736000] pci 0000:00:01.0: PCI bridge to [bus 01]
[    0.736461] pci_bus 0000:02: extended config space not accessible
[    0.737034] acpiphp: Slot [32] registered
[    0.737252] acpiphp: Slot [33] registered
[    0.737404] acpiphp: Slot [34] registered
[    0.737555] acpiphp: Slot [35] registered
[    0.737708] acpiphp: Slot [36] registered
[    0.737860] acpiphp: Slot [37] registered
[    0.738018] acpiphp: Slot [38] registered
[    0.738190] acpiphp: Slot [39] registered
[    0.738340] acpiphp: Slot [40] registered
[    0.738490] acpiphp: Slot [41] registered
[    0.738665] acpiphp: Slot [42] registered
[    0.738816] acpiphp: Slot [43] registered
[    0.738967] acpiphp: Slot [44] registered
[    0.739135] acpiphp: Slot [45] registered
[    0.739285] acpiphp: Slot [46] registered
[    0.739435] acpiphp: Slot [47] registered
[    0.739589] acpiphp: Slot [48] registered
[    0.739738] acpiphp: Slot [49] registered
[    0.739896] acpiphp: Slot [50] registered
[    0.740038] acpiphp: Slot [51] registered
[    0.740190] acpiphp: Slot [52] registered
[    0.740340] acpiphp: Slot [53] registered
[    0.740489] acpiphp: Slot [54] registered
[    0.740656] acpiphp: Slot [55] registered
[    0.740807] acpiphp: Slot [56] registered
[    0.740957] acpiphp: Slot [57] registered
[    0.741109] acpiphp: Slot [58] registered
[    0.741258] acpiphp: Slot [59] registered
[    0.741409] acpiphp: Slot [60] registered
[    0.741561] acpiphp: Slot [61] registered
[    0.741720] acpiphp: Slot [62] registered
[    0.741871] acpiphp: Slot [63] registered
[    0.742035] pci 0000:02:00.0: [15ad:0774] type 00 class 0x0c0300
[    0.745254] pci 0000:02:00.0: reg 0x20: [io  0x2080-0x209f]
[    0.747966] pci 0000:02:01.0: [8086:100f] type 00 class 0x020000
[    0.750051] pci 0000:02:01.0: reg 0x10: [mem 0xfd5c0000-0xfd5dffff 64bit]
[    0.751954] pci 0000:02:01.0: reg 0x18: [mem 0xfdff0000-0xfdffffff 64bit]
[    0.752966] pci 0000:02:01.0: reg 0x20: [io  0x2000-0x203f]
[    0.756012] pci 0000:02:01.0: reg 0x30: [mem 0x00000000-0x0000ffff pref]
[    0.756736] pci 0000:02:01.0: PME# supported from D0 D3hot D3cold
[    0.757937] pci 0000:02:02.0: [1274:1371] type 00 class 0x040100
[    0.758947] pci 0000:02:02.0: reg 0x10: [io  0x2040-0x207f]
[    0.763689] pci 0000:02:03.0: [15ad:0770] type 00 class 0x0c0320
[    0.764321] pci 0000:02:03.0: reg 0x10: [mem 0xfd5ef000-0xfd5effff]
[    0.768304] pci 0000:02:05.0: [15ad:07e0] type 00 class 0x010601
[    0.770677] pci 0000:02:05.0: reg 0x24: [mem 0xfd5ee000-0xfd5eefff]
[    0.771147] pci 0000:02:05.0: reg 0x30: [mem 0x00000000-0x0000ffff pref]
[    0.771613] pci 0000:02:05.0: PME# supported from D3hot
[    0.779974] pci 0000:00:11.0: PCI bridge to [bus 02] (subtractive decode)
[    0.780007] pci 0000:00:11.0:   bridge window [io  0x2000-0x3fff]
[    0.780054] pci 0000:00:11.0:   bridge window [mem 0xfd500000-0xfdffffff]
[    0.780139] pci 0000:00:11.0:   bridge window [mem 0xe7b00000-0xe7ffffff 64bit pref]
[    0.780143] pci 0000:00:11.0:   bridge window [mem 0x000a0000-0x000bffff window] (subtractive decode)
[    0.780145] pci 0000:00:11.0:   bridge window [mem 0x000d0000-0x000d3fff window] (subtractive decode)
[    0.780147] pci 0000:00:11.0:   bridge window [mem 0x000d4000-0x000d7fff window] (subtractive decode)
[    0.780149] pci 0000:00:11.0:   bridge window [mem 0x000d8000-0x000dbfff window] (subtractive decode)
[    0.780151] pci 0000:00:11.0:   bridge window [mem 0xc0000000-0xfebfffff window] (subtractive decode)
[    0.780154] pci 0000:00:11.0:   bridge window [io  0x0000-0x0cf7 window] (subtractive decode)
[    0.780156] pci 0000:00:11.0:   bridge window [io  0x0d00-0xfeff window] (subtractive decode)
[    0.792232] pci 0000:00:15.0: PCI bridge to [bus 03]
[    0.792284] pci 0000:00:15.0:   bridge window [io  0x4000-0x4fff]
[    0.792329] pci 0000:00:15.0:   bridge window [mem 0xfd400000-0xfd4fffff]
[    0.792415] pci 0000:00:15.0:   bridge window [mem 0xe7a00000-0xe7afffff 64bit pref]
[    0.804569] pci 0000:00:15.1: PCI bridge to [bus 04]
[    0.804625] pci 0000:00:15.1:   bridge window [io  0x8000-0x8fff]
[    0.804670] pci 0000:00:15.1:   bridge window [mem 0xfd000000-0xfd0fffff]
[    0.804755] pci 0000:00:15.1:   bridge window [mem 0xe7600000-0xe76fffff 64bit pref]
[    0.816716] pci 0000:00:15.2: PCI bridge to [bus 05]
[    0.816764] pci 0000:00:15.2:   bridge window [io  0xc000-0xcfff]
[    0.816809] pci 0000:00:15.2:   bridge window [mem 0xfcc00000-0xfccfffff]
[    0.816894] pci 0000:00:15.2:   bridge window [mem 0xe7200000-0xe72fffff 64bit pref]
[    0.829384] pci 0000:00:15.3: PCI bridge to [bus 06]
[    0.829495] pci 0000:00:15.3:   bridge window [mem 0xfc800000-0xfc8fffff]
[    0.829580] pci 0000:00:15.3:   bridge window [mem 0xe6e00000-0xe6efffff 64bit pref]
[    0.841087] pci 0000:00:15.4: PCI bridge to [bus 07]
[    0.841182] pci 0000:00:15.4:   bridge window [mem 0xfc400000-0xfc4fffff]
[    0.841267] pci 0000:00:15.4:   bridge window [mem 0xe6a00000-0xe6afffff 64bit pref]
[    0.853265] pci 0000:00:15.5: PCI bridge to [bus 08]
[    0.853357] pci 0000:00:15.5:   bridge window [mem 0xfc000000-0xfc0fffff]
[    0.853443] pci 0000:00:15.5:   bridge window [mem 0xe6600000-0xe66fffff 64bit pref]
[    0.865918] pci 0000:00:15.6: PCI bridge to [bus 09]
[    0.866014] pci 0000:00:15.6:   bridge window [mem 0xfbc00000-0xfbcfffff]
[    0.866099] pci 0000:00:15.6:   bridge window [mem 0xe6200000-0xe62fffff 64bit pref]
[    0.878693] pci 0000:00:15.7: PCI bridge to [bus 0a]
[    0.878785] pci 0000:00:15.7:   bridge window [mem 0xfb800000-0xfb8fffff]
[    0.878871] pci 0000:00:15.7:   bridge window [mem 0xe5e00000-0xe5efffff 64bit pref]
[    0.890807] pci 0000:00:16.0: PCI bridge to [bus 0b]
[    0.890857] pci 0000:00:16.0:   bridge window [io  0x5000-0x5fff]
[    0.890901] pci 0000:00:16.0:   bridge window [mem 0xfd300000-0xfd3fffff]
[    0.891003] pci 0000:00:16.0:   bridge window [mem 0xe7900000-0xe79fffff 64bit pref]
[    0.903271] pci 0000:00:16.1: PCI bridge to [bus 0c]
[    0.903332] pci 0000:00:16.1:   bridge window [io  0x9000-0x9fff]
[    0.903378] pci 0000:00:16.1:   bridge window [mem 0xfcf00000-0xfcffffff]
[    0.903482] pci 0000:00:16.1:   bridge window [mem 0xe7500000-0xe75fffff 64bit pref]
[    0.916000] pci 0000:00:16.2: PCI bridge to [bus 0d]
[    0.916030] pci 0000:00:16.2:   bridge window [io  0xd000-0xdfff]
[    0.916075] pci 0000:00:16.2:   bridge window [mem 0xfcb00000-0xfcbfffff]
[    0.916160] pci 0000:00:16.2:   bridge window [mem 0xe7100000-0xe71fffff 64bit pref]
[    0.932120] pci 0000:00:16.3: PCI bridge to [bus 0e]
[    0.932215] pci 0000:00:16.3:   bridge window [mem 0xfc700000-0xfc7fffff]
[    0.932301] pci 0000:00:16.3:   bridge window [mem 0xe6d00000-0xe6dfffff 64bit pref]
[    0.944946] pci 0000:00:16.4: PCI bridge to [bus 0f]
[    0.945059] pci 0000:00:16.4:   bridge window [mem 0xfc300000-0xfc3fffff]
[    0.945163] pci 0000:00:16.4:   bridge window [mem 0xe6900000-0xe69fffff 64bit pref]
[    0.957274] pci 0000:00:16.5: PCI bridge to [bus 10]
[    0.957366] pci 0000:00:16.5:   bridge window [mem 0xfbf00000-0xfbffffff]
[    0.957451] pci 0000:00:16.5:   bridge window [mem 0xe6500000-0xe65fffff 64bit pref]
[    0.969558] pci 0000:00:16.6: PCI bridge to [bus 11]
[    0.969649] pci 0000:00:16.6:   bridge window [mem 0xfbb00000-0xfbbfffff]
[    0.969734] pci 0000:00:16.6:   bridge window [mem 0xe6100000-0xe61fffff 64bit pref]
[    0.982334] pci 0000:00:16.7: PCI bridge to [bus 12]
[    0.982426] pci 0000:00:16.7:   bridge window [mem 0xfb700000-0xfb7fffff]
[    0.982516] pci 0000:00:16.7:   bridge window [mem 0xe5d00000-0xe5dfffff 64bit pref]
[    0.994582] pci 0000:00:17.0: PCI bridge to [bus 13]
[    0.994632] pci 0000:00:17.0:   bridge window [io  0x6000-0x6fff]
[    0.994677] pci 0000:00:17.0:   bridge window [mem 0xfd200000-0xfd2fffff]
[    0.994762] pci 0000:00:17.0:   bridge window [mem 0xe7800000-0xe78fffff 64bit pref]
[    1.007398] pci 0000:00:17.1: PCI bridge to [bus 14]
[    1.007473] pci 0000:00:17.1:   bridge window [io  0xa000-0xafff]
[    1.007519] pci 0000:00:17.1:   bridge window [mem 0xfce00000-0xfcefffff]
[    1.007607] pci 0000:00:17.1:   bridge window [mem 0xe7400000-0xe74fffff 64bit pref]
[    1.020000] pci 0000:00:17.2: PCI bridge to [bus 15]
[    1.020031] pci 0000:00:17.2:   bridge window [io  0xe000-0xefff]
[    1.020076] pci 0000:00:17.2:   bridge window [mem 0xfca00000-0xfcafffff]
[    1.020161] pci 0000:00:17.2:   bridge window [mem 0xe7000000-0xe70fffff 64bit pref]
[    1.032925] pci 0000:00:17.3: PCI bridge to [bus 16]
[    1.033034] pci 0000:00:17.3:   bridge window [mem 0xfc600000-0xfc6fffff]
[    1.033119] pci 0000:00:17.3:   bridge window [mem 0xe6c00000-0xe6cfffff 64bit pref]
[    1.045738] pci 0000:00:17.4: PCI bridge to [bus 17]
[    1.045833] pci 0000:00:17.4:   bridge window [mem 0xfc200000-0xfc2fffff]
[    1.045919] pci 0000:00:17.4:   bridge window [mem 0xe6800000-0xe68fffff 64bit pref]
[    1.057982] pci 0000:00:17.5: PCI bridge to [bus 18]
[    1.058073] pci 0000:00:17.5:   bridge window [mem 0xfbe00000-0xfbefffff]
[    1.058158] pci 0000:00:17.5:   bridge window [mem 0xe6400000-0xe64fffff 64bit pref]
[    1.070378] pci 0000:00:17.6: PCI bridge to [bus 19]
[    1.070493] pci 0000:00:17.6:   bridge window [mem 0xfba00000-0xfbafffff]
[    1.070579] pci 0000:00:17.6:   bridge window [mem 0xe6000000-0xe60fffff 64bit pref]
[    1.082772] pci 0000:00:17.7: PCI bridge to [bus 1a]
[    1.082865] pci 0000:00:17.7:   bridge window [mem 0xfb600000-0xfb6fffff]
[    1.082972] pci 0000:00:17.7:   bridge window [mem 0xe5c00000-0xe5cfffff 64bit pref]
[    1.095365] pci 0000:00:18.0: PCI bridge to [bus 1b]
[    1.095423] pci 0000:00:18.0:   bridge window [io  0x7000-0x7fff]
[    1.095487] pci 0000:00:18.0:   bridge window [mem 0xfd100000-0xfd1fffff]
[    1.095572] pci 0000:00:18.0:   bridge window [mem 0xe7700000-0xe77fffff 64bit pref]
[    1.108376] pci 0000:00:18.1: PCI bridge to [bus 1c]
[    1.108430] pci 0000:00:18.1:   bridge window [io  0xb000-0xbfff]
[    1.108498] pci 0000:00:18.1:   bridge window [mem 0xfcd00000-0xfcdfffff]
[    1.108585] pci 0000:00:18.1:   bridge window [mem 0xe7300000-0xe73fffff 64bit pref]
[    1.120722] pci 0000:00:18.2: PCI bridge to [bus 1d]
[    1.120814] pci 0000:00:18.2:   bridge window [mem 0xfc900000-0xfc9fffff]
[    1.120899] pci 0000:00:18.2:   bridge window [mem 0xe6f00000-0xe6ffffff 64bit pref]
[    1.133056] pci 0000:00:18.3: PCI bridge to [bus 1e]
[    1.133153] pci 0000:00:18.3:   bridge window [mem 0xfc500000-0xfc5fffff]
[    1.133238] pci 0000:00:18.3:   bridge window [mem 0xe6b00000-0xe6bfffff 64bit pref]
[    1.145855] pci 0000:00:18.4: PCI bridge to [bus 1f]
[    1.145968] pci 0000:00:18.4:   bridge window [mem 0xfc100000-0xfc1fffff]
[    1.146053] pci 0000:00:18.4:   bridge window [mem 0xe6700000-0xe67fffff 64bit pref]
[    1.158714] pci 0000:00:18.5: PCI bridge to [bus 20]
[    1.158804] pci 0000:00:18.5:   bridge window [mem 0xfbd00000-0xfbdfffff]
[    1.158890] pci 0000:00:18.5:   bridge window [mem 0xe6300000-0xe63fffff 64bit pref]
[    1.171181] pci 0000:00:18.6: PCI bridge to [bus 21]
[    1.171279] pci 0000:00:18.6:   bridge window [mem 0xfb900000-0xfb9fffff]
[    1.171365] pci 0000:00:18.6:   bridge window [mem 0xe5f00000-0xe5ffffff 64bit pref]
[    1.184000] pci 0000:00:18.7: PCI bridge to [bus 22]
[    1.184080] pci 0000:00:18.7:   bridge window [mem 0xfb500000-0xfb5fffff]
[    1.184167] pci 0000:00:18.7:   bridge window [mem 0xe5b00000-0xe5bfffff 64bit pref]
[    1.193043] ACPI: PCI Interrupt Link [LNKA] (IRQs 3 4 5 6 7 *9 10 11 14 15)
[    1.193257] ACPI: PCI Interrupt Link [LNKB] (IRQs 3 4 5 6 7 9 10 *11 14 15)
[    1.193488] ACPI: PCI Interrupt Link [LNKC] (IRQs 3 4 5 6 7 9 *10 11 14 15)
[    1.193690] ACPI: PCI Interrupt Link [LNKD] (IRQs 3 4 5 6 *7 9 10 11 14 15)
[    1.294156] SCSI subsystem initialized
[    1.294322] libata version 3.00 loaded.
[    1.294322] pci 0000:00:0f.0: vgaarb: setting as boot VGA device
[    1.294322] pci 0000:00:0f.0: vgaarb: VGA device added: decodes=io+mem,owns=io+mem,locks=none
[    1.294322] pci 0000:00:0f.0: vgaarb: bridge control possible
[    1.294322] vgaarb: loaded
[    1.294322] ACPI: bus type USB registered
[    1.294322] usbcore: registered new interface driver usbfs
[    1.294322] usbcore: registered new interface driver hub
[    1.294322] usbcore: registered new device driver usb
[    1.294322] pps_core: LinuxPPS API ver. 1 registered
[    1.294322] pps_core: Software ver. 5.3.6 - Copyright 2005-2007 Rodolfo Giometti <giometti@linux.it>
[    1.294322] PTP clock support registered
[    1.294322] EDAC MC: Ver: 3.0.0
[    1.298317] PCI: Using ACPI for IRQ routing
[    1.408662] PCI: pci_cache_line_size set to 64 bytes
[    1.410696] e820: reserve RAM buffer [mem 0x0009e800-0x0009ffff]
[    1.410700] e820: reserve RAM buffer [mem 0xbfed0000-0xbfffffff]
[    1.410943] NetLabel: Initializing
[    1.410944] NetLabel:  domain hash size = 128
[    1.410945] NetLabel:  protocols = UNLABELED CIPSOv4 CALIPSO
[    1.410962] NetLabel:  unlabeled traffic allowed by default
[    1.412211] hpet0: at MMIO 0xfed00000, IRQs 2, 8, 0, 0, 0, 0, 0, 0, 0, 0, 0, 0, 0, 0, 0, 0
[    1.412224] hpet0: 16 comparators, 64-bit 14.318180 MHz counter
[    1.414482] clocksource: Switched to clocksource tsc-early
[    1.462180] VFS: Disk quotas dquot_6.6.0
[    1.462270] VFS: Dquot-cache hash table entries: 512 (order 0, 4096 bytes)
[    1.462944] AppArmor: AppArmor Filesystem Enabled
[    1.462992] pnp: PnP ACPI init
[    1.463474] system 00:00: [io  0x1000-0x103f] has been reserved
[    1.463478] system 00:00: [io  0x1040-0x104f] has been reserved
[    1.463482] system 00:00: [io  0x0cf0-0x0cf1] has been reserved
[    1.463493] system 00:00: Plug and Play ACPI device, IDs PNP0c02 (active)
[    1.463556] pnp 00:01: Plug and Play ACPI device, IDs PNP0b00 (active)
[    1.463594] pnp 00:02: Plug and Play ACPI device, IDs PNP0303 (active)
[    1.463627] pnp 00:03: Plug and Play ACPI device, IDs VMW0003 PNP0f13 (active)
[    1.464182] system 00:04: [mem 0xfed00000-0xfed003ff] has been reserved
[    1.464191] system 00:04: Plug and Play ACPI device, IDs PNP0103 PNP0c01 (active)
[    1.468704] pnp 00:05: Plug and Play ACPI device, IDs PNP0501 (active)
[    1.469718] system 00:06: [io  0xfce0-0xfcff] has been reserved
[    1.469723] system 00:06: [mem 0xf0000000-0xf7ffffff] has been reserved
[    1.469727] system 00:06: [mem 0xfe800000-0xfe9fffff] has been reserved
[    1.469736] system 00:06: Plug and Play ACPI device, IDs PNP0c02 (active)
[    1.548401] pnp: PnP ACPI: found 7 devices
[    1.571015] clocksource: acpi_pm: mask: 0xffffff max_cycles: 0xffffff, max_idle_ns: 2085701024 ns
[    1.571746] pci 0000:00:15.3: bridge window [io  0x1000-0x0fff] to [bus 06] add_size 1000
[    1.571895] pci 0000:00:15.4: bridge window [io  0x1000-0x0fff] to [bus 07] add_size 1000
[    1.572037] pci 0000:00:15.5: bridge window [io  0x1000-0x0fff] to [bus 08] add_size 1000
[    1.572167] pci 0000:00:15.6: bridge window [io  0x1000-0x0fff] to [bus 09] add_size 1000
[    1.572296] pci 0000:00:15.7: bridge window [io  0x1000-0x0fff] to [bus 0a] add_size 1000
[    1.572818] pci 0000:00:16.3: bridge window [io  0x1000-0x0fff] to [bus 0e] add_size 1000
[    1.572947] pci 0000:00:16.4: bridge window [io  0x1000-0x0fff] to [bus 0f] add_size 1000
[    1.573075] pci 0000:00:16.5: bridge window [io  0x1000-0x0fff] to [bus 10] add_size 1000
[    1.573203] pci 0000:00:16.6: bridge window [io  0x1000-0x0fff] to [bus 11] add_size 1000
[    1.573341] pci 0000:00:16.7: bridge window [io  0x1000-0x0fff] to [bus 12] add_size 1000
[    1.573862] pci 0000:00:17.3: bridge window [io  0x1000-0x0fff] to [bus 16] add_size 1000
[    1.573990] pci 0000:00:17.4: bridge window [io  0x1000-0x0fff] to [bus 17] add_size 1000
[    1.574118] pci 0000:00:17.5: bridge window [io  0x1000-0x0fff] to [bus 18] add_size 1000
[    1.574247] pci 0000:00:17.6: bridge window [io  0x1000-0x0fff] to [bus 19] add_size 1000
[    1.574394] pci 0000:00:17.7: bridge window [io  0x1000-0x0fff] to [bus 1a] add_size 1000
[    1.574771] pci 0000:00:18.2: bridge window [io  0x1000-0x0fff] to [bus 1d] add_size 1000
[    1.574904] pci 0000:00:18.3: bridge window [io  0x1000-0x0fff] to [bus 1e] add_size 1000
[    1.575032] pci 0000:00:18.4: bridge window [io  0x1000-0x0fff] to [bus 1f] add_size 1000
[    1.575160] pci 0000:00:18.5: bridge window [io  0x1000-0x0fff] to [bus 20] add_size 1000
[    1.575305] pci 0000:00:18.6: bridge window [io  0x1000-0x0fff] to [bus 21] add_size 1000
[    1.575434] pci 0000:00:18.7: bridge window [io  0x1000-0x0fff] to [bus 22] add_size 1000
[    1.575473] pci 0000:00:0f.0: BAR 6: assigned [mem 0xc0000000-0xc0007fff pref]
[    1.575478] pci 0000:00:10.0: BAR 6: assigned [mem 0xc0008000-0xc000bfff pref]
[    1.575484] pci 0000:00:15.3: BAR 13: no space for [io  size 0x1000]
[    1.575487] pci 0000:00:15.3: BAR 13: failed to assign [io  size 0x1000]
[    1.575491] pci 0000:00:15.4: BAR 13: no space for [io  size 0x1000]
[    1.575493] pci 0000:00:15.4: BAR 13: failed to assign [io  size 0x1000]
[    1.575497] pci 0000:00:15.5: BAR 13: no space for [io  size 0x1000]
[    1.575499] pci 0000:00:15.5: BAR 13: failed to assign [io  size 0x1000]
[    1.575503] pci 0000:00:15.6: BAR 13: no space for [io  size 0x1000]
[    1.575505] pci 0000:00:15.6: BAR 13: failed to assign [io  size 0x1000]
[    1.575509] pci 0000:00:15.7: BAR 13: no space for [io  size 0x1000]
[    1.575511] pci 0000:00:15.7: BAR 13: failed to assign [io  size 0x1000]
[    1.575515] pci 0000:00:16.3: BAR 13: no space for [io  size 0x1000]
[    1.575517] pci 0000:00:16.3: BAR 13: failed to assign [io  size 0x1000]
[    1.575521] pci 0000:00:16.4: BAR 13: no space for [io  size 0x1000]
[    1.575523] pci 0000:00:16.4: BAR 13: failed to assign [io  size 0x1000]
[    1.575527] pci 0000:00:16.5: BAR 13: no space for [io  size 0x1000]
[    1.575529] pci 0000:00:16.5: BAR 13: failed to assign [io  size 0x1000]
[    1.575537] pci 0000:00:16.6: BAR 13: no space for [io  size 0x1000]
[    1.575539] pci 0000:00:16.6: BAR 13: failed to assign [io  size 0x1000]
[    1.575543] pci 0000:00:16.7: BAR 13: no space for [io  size 0x1000]
[    1.575545] pci 0000:00:16.7: BAR 13: failed to assign [io  size 0x1000]
[    1.575549] pci 0000:00:17.3: BAR 13: no space for [io  size 0x1000]
[    1.575551] pci 0000:00:17.3: BAR 13: failed to assign [io  size 0x1000]
[    1.575554] pci 0000:00:17.4: BAR 13: no space for [io  size 0x1000]
[    1.575556] pci 0000:00:17.4: BAR 13: failed to assign [io  size 0x1000]
[    1.575560] pci 0000:00:17.5: BAR 13: no space for [io  size 0x1000]
[    1.575562] pci 0000:00:17.5: BAR 13: failed to assign [io  size 0x1000]
[    1.575566] pci 0000:00:17.6: BAR 13: no space for [io  size 0x1000]
[    1.575568] pci 0000:00:17.6: BAR 13: failed to assign [io  size 0x1000]
[    1.575572] pci 0000:00:17.7: BAR 13: no space for [io  size 0x1000]
[    1.575574] pci 0000:00:17.7: BAR 13: failed to assign [io  size 0x1000]
[    1.575577] pci 0000:00:18.2: BAR 13: no space for [io  size 0x1000]
[    1.575579] pci 0000:00:18.2: BAR 13: failed to assign [io  size 0x1000]
[    1.575583] pci 0000:00:18.3: BAR 13: no space for [io  size 0x1000]
[    1.575585] pci 0000:00:18.3: BAR 13: failed to assign [io  size 0x1000]
[    1.575588] pci 0000:00:18.4: BAR 13: no space for [io  size 0x1000]
[    1.575590] pci 0000:00:18.4: BAR 13: failed to assign [io  size 0x1000]
[    1.575594] pci 0000:00:18.5: BAR 13: no space for [io  size 0x1000]
[    1.575596] pci 0000:00:18.5: BAR 13: failed to assign [io  size 0x1000]
[    1.575600] pci 0000:00:18.6: BAR 13: no space for [io  size 0x1000]
[    1.575602] pci 0000:00:18.6: BAR 13: failed to assign [io  size 0x1000]
[    1.575605] pci 0000:00:18.7: BAR 13: no space for [io  size 0x1000]
[    1.575608] pci 0000:00:18.7: BAR 13: failed to assign [io  size 0x1000]
[    1.575616] pci 0000:00:18.7: BAR 13: no space for [io  size 0x1000]
[    1.575618] pci 0000:00:18.7: BAR 13: failed to assign [io  size 0x1000]
[    1.575622] pci 0000:00:18.6: BAR 13: no space for [io  size 0x1000]
[    1.575624] pci 0000:00:18.6: BAR 13: failed to assign [io  size 0x1000]
[    1.575627] pci 0000:00:18.5: BAR 13: no space for [io  size 0x1000]
[    1.575630] pci 0000:00:18.5: BAR 13: failed to assign [io  size 0x1000]
[    1.575633] pci 0000:00:18.4: BAR 13: no space for [io  size 0x1000]
[    1.575635] pci 0000:00:18.4: BAR 13: failed to assign [io  size 0x1000]
[    1.575639] pci 0000:00:18.3: BAR 13: no space for [io  size 0x1000]
[    1.575641] pci 0000:00:18.3: BAR 13: failed to assign [io  size 0x1000]
[    1.575645] pci 0000:00:18.2: BAR 13: no space for [io  size 0x1000]
[    1.575647] pci 0000:00:18.2: BAR 13: failed to assign [io  size 0x1000]
[    1.575650] pci 0000:00:17.7: BAR 13: no space for [io  size 0x1000]
[    1.575652] pci 0000:00:17.7: BAR 13: failed to assign [io  size 0x1000]
[    1.575656] pci 0000:00:17.6: BAR 13: no space for [io  size 0x1000]
[    1.575658] pci 0000:00:17.6: BAR 13: failed to assign [io  size 0x1000]
[    1.575662] pci 0000:00:17.5: BAR 13: no space for [io  size 0x1000]
[    1.575664] pci 0000:00:17.5: BAR 13: failed to assign [io  size 0x1000]
[    1.575667] pci 0000:00:17.4: BAR 13: no space for [io  size 0x1000]
[    1.575669] pci 0000:00:17.4: BAR 13: failed to assign [io  size 0x1000]
[    1.575673] pci 0000:00:17.3: BAR 13: no space for [io  size 0x1000]
[    1.575675] pci 0000:00:17.3: BAR 13: failed to assign [io  size 0x1000]
[    1.575679] pci 0000:00:16.7: BAR 13: no space for [io  size 0x1000]
[    1.575681] pci 0000:00:16.7: BAR 13: failed to assign [io  size 0x1000]
[    1.575684] pci 0000:00:16.6: BAR 13: no space for [io  size 0x1000]
[    1.575686] pci 0000:00:16.6: BAR 13: failed to assign [io  size 0x1000]
[    1.575690] pci 0000:00:16.5: BAR 13: no space for [io  size 0x1000]
[    1.575692] pci 0000:00:16.5: BAR 13: failed to assign [io  size 0x1000]
[    1.575695] pci 0000:00:16.4: BAR 13: no space for [io  size 0x1000]
[    1.575698] pci 0000:00:16.4: BAR 13: failed to assign [io  size 0x1000]
[    1.575701] pci 0000:00:16.3: BAR 13: no space for [io  size 0x1000]
[    1.575703] pci 0000:00:16.3: BAR 13: failed to assign [io  size 0x1000]
[    1.575707] pci 0000:00:15.7: BAR 13: no space for [io  size 0x1000]
[    1.575709] pci 0000:00:15.7: BAR 13: failed to assign [io  size 0x1000]
[    1.575713] pci 0000:00:15.6: BAR 13: no space for [io  size 0x1000]
[    1.575715] pci 0000:00:15.6: BAR 13: failed to assign [io  size 0x1000]
[    1.575718] pci 0000:00:15.5: BAR 13: no space for [io  size 0x1000]
[    1.575720] pci 0000:00:15.5: BAR 13: failed to assign [io  size 0x1000]
[    1.575724] pci 0000:00:15.4: BAR 13: no space for [io  size 0x1000]
[    1.575726] pci 0000:00:15.4: BAR 13: failed to assign [io  size 0x1000]
[    1.575730] pci 0000:00:15.3: BAR 13: no space for [io  size 0x1000]
[    1.575732] pci 0000:00:15.3: BAR 13: failed to assign [io  size 0x1000]
[    1.575736] pci 0000:00:01.0: PCI bridge to [bus 01]
[    1.575941] pci 0000:02:01.0: BAR 6: assigned [mem 0xfd500000-0xfd50ffff pref]
[    1.575944] pci 0000:02:05.0: BAR 6: assigned [mem 0xfd510000-0xfd51ffff pref]
[    1.575948] pci 0000:00:11.0: PCI bridge to [bus 02]
[    1.575975] pci 0000:00:11.0:   bridge window [io  0x2000-0x3fff]
[    1.576057] pci 0000:00:11.0:   bridge window [mem 0xfd500000-0xfdffffff]
[    1.576102] pci 0000:00:11.0:   bridge window [mem 0xe7b00000-0xe7ffffff 64bit pref]
[    1.576187] pci 0000:00:15.0: PCI bridge to [bus 03]
[    1.576212] pci 0000:00:15.0:   bridge window [io  0x4000-0x4fff]
[    1.576296] pci 0000:00:15.0:   bridge window [mem 0xfd400000-0xfd4fffff]
[    1.576341] pci 0000:00:15.0:   bridge window [mem 0xe7a00000-0xe7afffff 64bit pref]
[    1.576500] pci 0000:00:15.1: PCI bridge to [bus 04]
[    1.576527] pci 0000:00:15.1:   bridge window [io  0x8000-0x8fff]
[    1.576593] pci 0000:00:15.1:   bridge window [mem 0xfd000000-0xfd0fffff]
[    1.576637] pci 0000:00:15.1:   bridge window [mem 0xe7600000-0xe76fffff 64bit pref]
[    1.576752] pci 0000:00:15.2: PCI bridge to [bus 05]
[    1.576796] pci 0000:00:15.2:   bridge window [io  0xc000-0xcfff]
[    1.576862] pci 0000:00:15.2:   bridge window [mem 0xfcc00000-0xfccfffff]
[    1.576907] pci 0000:00:15.2:   bridge window [mem 0xe7200000-0xe72fffff 64bit pref]
[    1.577021] pci 0000:00:15.3: PCI bridge to [bus 06]
[    1.577087] pci 0000:00:15.3:   bridge window [mem 0xfc800000-0xfc8fffff]
[    1.577131] pci 0000:00:15.3:   bridge window [mem 0xe6e00000-0xe6efffff 64bit pref]
[    1.577242] pci 0000:00:15.4: PCI bridge to [bus 07]
[    1.577327] pci 0000:00:15.4:   bridge window [mem 0xfc400000-0xfc4fffff]
[    1.577372] pci 0000:00:15.4:   bridge window [mem 0xe6a00000-0xe6afffff 64bit pref]
[    1.577483] pci 0000:00:15.5: PCI bridge to [bus 08]
[    1.577556] pci 0000:00:15.5:   bridge window [mem 0xfc000000-0xfc0fffff]
[    1.577601] pci 0000:00:15.5:   bridge window [mem 0xe6600000-0xe66fffff 64bit pref]
[    1.577715] pci 0000:00:15.6: PCI bridge to [bus 09]
[    1.577802] pci 0000:00:15.6:   bridge window [mem 0xfbc00000-0xfbcfffff]
[    1.577846] pci 0000:00:15.6:   bridge window [mem 0xe6200000-0xe62fffff 64bit pref]
[    1.577958] pci 0000:00:15.7: PCI bridge to [bus 0a]
[    1.578025] pci 0000:00:15.7:   bridge window [mem 0xfb800000-0xfb8fffff]
[    1.578069] pci 0000:00:15.7:   bridge window [mem 0xe5e00000-0xe5efffff 64bit pref]
[    1.578180] pci 0000:00:16.0: PCI bridge to [bus 0b]
[    1.578206] pci 0000:00:16.0:   bridge window [io  0x5000-0x5fff]
[    1.578276] pci 0000:00:16.0:   bridge window [mem 0xfd300000-0xfd3fffff]
[    1.578320] pci 0000:00:16.0:   bridge window [mem 0xe7900000-0xe79fffff 64bit pref]
[    1.578431] pci 0000:00:16.1: PCI bridge to [bus 0c]
[    1.578457] pci 0000:00:16.1:   bridge window [io  0x9000-0x9fff]
[    1.578522] pci 0000:00:16.1:   bridge window [mem 0xfcf00000-0xfcffffff]
[    1.578566] pci 0000:00:16.1:   bridge window [mem 0xe7500000-0xe75fffff 64bit pref]
[    1.578677] pci 0000:00:16.2: PCI bridge to [bus 0d]
[    1.578703] pci 0000:00:16.2:   bridge window [io  0xd000-0xdfff]
[    1.578772] pci 0000:00:16.2:   bridge window [mem 0xfcb00000-0xfcbfffff]
[    1.578817] pci 0000:00:16.2:   bridge window [mem 0xe7100000-0xe71fffff 64bit pref]
[    1.578929] pci 0000:00:16.3: PCI bridge to [bus 0e]
[    1.578996] pci 0000:00:16.3:   bridge window [mem 0xfc700000-0xfc7fffff]
[    1.579040] pci 0000:00:16.3:   bridge window [mem 0xe6d00000-0xe6dfffff 64bit pref]
[    1.579150] pci 0000:00:16.4: PCI bridge to [bus 0f]
[    1.579217] pci 0000:00:16.4:   bridge window [mem 0xfc300000-0xfc3fffff]
[    1.579266] pci 0000:00:16.4:   bridge window [mem 0xe6900000-0xe69fffff 64bit pref]
[    1.579379] pci 0000:00:16.5: PCI bridge to [bus 10]
[    1.579445] pci 0000:00:16.5:   bridge window [mem 0xfbf00000-0xfbffffff]
[    1.579489] pci 0000:00:16.5:   bridge window [mem 0xe6500000-0xe65fffff 64bit pref]
[    1.579599] pci 0000:00:16.6: PCI bridge to [bus 11]
[    1.579665] pci 0000:00:16.6:   bridge window [mem 0xfbb00000-0xfbbfffff]
[    1.579710] pci 0000:00:16.6:   bridge window [mem 0xe6100000-0xe61fffff 64bit pref]
[    1.579841] pci 0000:00:16.7: PCI bridge to [bus 12]
[    1.579907] pci 0000:00:16.7:   bridge window [mem 0xfb700000-0xfb7fffff]
[    1.579951] pci 0000:00:16.7:   bridge window [mem 0xe5d00000-0xe5dfffff 64bit pref]
[    1.580079] pci 0000:00:17.0: PCI bridge to [bus 13]
[    1.580105] pci 0000:00:17.0:   bridge window [io  0x6000-0x6fff]
[    1.580171] pci 0000:00:17.0:   bridge window [mem 0xfd200000-0xfd2fffff]
[    1.580215] pci 0000:00:17.0:   bridge window [mem 0xe7800000-0xe78fffff 64bit pref]
[    1.580338] pci 0000:00:17.1: PCI bridge to [bus 14]
[    1.580364] pci 0000:00:17.1:   bridge window [io  0xa000-0xafff]
[    1.580429] pci 0000:00:17.1:   bridge window [mem 0xfce00000-0xfcefffff]
[    1.580473] pci 0000:00:17.1:   bridge window [mem 0xe7400000-0xe74fffff 64bit pref]
[    1.580584] pci 0000:00:17.2: PCI bridge to [bus 15]
[    1.580610] pci 0000:00:17.2:   bridge window [io  0xe000-0xefff]
[    1.580675] pci 0000:00:17.2:   bridge window [mem 0xfca00000-0xfcafffff]
[    1.580719] pci 0000:00:17.2:   bridge window [mem 0xe7000000-0xe70fffff 64bit pref]
[    1.580851] pci 0000:00:17.3: PCI bridge to [bus 16]
[    1.580918] pci 0000:00:17.3:   bridge window [mem 0xfc600000-0xfc6fffff]
[    1.580962] pci 0000:00:17.3:   bridge window [mem 0xe6c00000-0xe6cfffff 64bit pref]
[    1.581073] pci 0000:00:17.4: PCI bridge to [bus 17]
[    1.581139] pci 0000:00:17.4:   bridge window [mem 0xfc200000-0xfc2fffff]
[    1.581184] pci 0000:00:17.4:   bridge window [mem 0xe6800000-0xe68fffff 64bit pref]
[    1.581299] pci 0000:00:17.5: PCI bridge to [bus 18]
[    1.581365] pci 0000:00:17.5:   bridge window [mem 0xfbe00000-0xfbefffff]
[    1.581410] pci 0000:00:17.5:   bridge window [mem 0xe6400000-0xe64fffff 64bit pref]
[    1.581527] pci 0000:00:17.6: PCI bridge to [bus 19]
[    1.581594] pci 0000:00:17.6:   bridge window [mem 0xfba00000-0xfbafffff]
[    1.581638] pci 0000:00:17.6:   bridge window [mem 0xe6000000-0xe60fffff 64bit pref]
[    1.581758] pci 0000:00:17.7: PCI bridge to [bus 1a]
[    1.581825] pci 0000:00:17.7:   bridge window [mem 0xfb600000-0xfb6fffff]
[    1.581870] pci 0000:00:17.7:   bridge window [mem 0xe5c00000-0xe5cfffff 64bit pref]
[    1.581981] pci 0000:00:18.0: PCI bridge to [bus 1b]
[    1.582007] pci 0000:00:18.0:   bridge window [io  0x7000-0x7fff]
[    1.582072] pci 0000:00:18.0:   bridge window [mem 0xfd100000-0xfd1fffff]
[    1.582116] pci 0000:00:18.0:   bridge window [mem 0xe7700000-0xe77fffff 64bit pref]
[    1.582286] pci 0000:00:18.1: PCI bridge to [bus 1c]
[    1.582313] pci 0000:00:18.1:   bridge window [io  0xb000-0xbfff]
[    1.582379] pci 0000:00:18.1:   bridge window [mem 0xfcd00000-0xfcdfffff]
[    1.582423] pci 0000:00:18.1:   bridge window [mem 0xe7300000-0xe73fffff 64bit pref]
[    1.582535] pci 0000:00:18.2: PCI bridge to [bus 1d]
[    1.582601] pci 0000:00:18.2:   bridge window [mem 0xfc900000-0xfc9fffff]
[    1.582646] pci 0000:00:18.2:   bridge window [mem 0xe6f00000-0xe6ffffff 64bit pref]
[    1.582767] pci 0000:00:18.3: PCI bridge to [bus 1e]
[    1.582834] pci 0000:00:18.3:   bridge window [mem 0xfc500000-0xfc5fffff]
[    1.582878] pci 0000:00:18.3:   bridge window [mem 0xe6b00000-0xe6bfffff 64bit pref]
[    1.582989] pci 0000:00:18.4: PCI bridge to [bus 1f]
[    1.583055] pci 0000:00:18.4:   bridge window [mem 0xfc100000-0xfc1fffff]
[    1.583099] pci 0000:00:18.4:   bridge window [mem 0xe6700000-0xe67fffff 64bit pref]
[    1.583210] pci 0000:00:18.5: PCI bridge to [bus 20]
[    1.583281] pci 0000:00:18.5:   bridge window [mem 0xfbd00000-0xfbdfffff]
[    1.583325] pci 0000:00:18.5:   bridge window [mem 0xe6300000-0xe63fffff 64bit pref]
[    1.583437] pci 0000:00:18.6: PCI bridge to [bus 21]
[    1.583503] pci 0000:00:18.6:   bridge window [mem 0xfb900000-0xfb9fffff]
[    1.583547] pci 0000:00:18.6:   bridge window [mem 0xe5f00000-0xe5ffffff 64bit pref]
[    1.583658] pci 0000:00:18.7: PCI bridge to [bus 22]
[    1.583733] pci 0000:00:18.7:   bridge window [mem 0xfb500000-0xfb5fffff]
[    1.583778] pci 0000:00:18.7:   bridge window [mem 0xe5b00000-0xe5bfffff 64bit pref]
[    1.583917] pci_bus 0000:00: resource 4 [mem 0x000a0000-0x000bffff window]
[    1.583920] pci_bus 0000:00: resource 5 [mem 0x000d0000-0x000d3fff window]
[    1.583922] pci_bus 0000:00: resource 6 [mem 0x000d4000-0x000d7fff window]
[    1.583924] pci_bus 0000:00: resource 7 [mem 0x000d8000-0x000dbfff window]
[    1.583927] pci_bus 0000:00: resource 8 [mem 0xc0000000-0xfebfffff window]
[    1.583929] pci_bus 0000:00: resource 9 [io  0x0000-0x0cf7 window]
[    1.583932] pci_bus 0000:00: resource 10 [io  0x0d00-0xfeff window]
[    1.583935] pci_bus 0000:02: resource 0 [io  0x2000-0x3fff]
[    1.583937] pci_bus 0000:02: resource 1 [mem 0xfd500000-0xfdffffff]
[    1.583939] pci_bus 0000:02: resource 2 [mem 0xe7b00000-0xe7ffffff 64bit pref]
[    1.583942] pci_bus 0000:02: resource 4 [mem 0x000a0000-0x000bffff window]
[    1.583944] pci_bus 0000:02: resource 5 [mem 0x000d0000-0x000d3fff window]
[    1.583946] pci_bus 0000:02: resource 6 [mem 0x000d4000-0x000d7fff window]
[    1.583948] pci_bus 0000:02: resource 7 [mem 0x000d8000-0x000dbfff window]
[    1.583950] pci_bus 0000:02: resource 8 [mem 0xc0000000-0xfebfffff window]
[    1.583953] pci_bus 0000:02: resource 9 [io  0x0000-0x0cf7 window]
[    1.583955] pci_bus 0000:02: resource 10 [io  0x0d00-0xfeff window]
[    1.583958] pci_bus 0000:03: resource 0 [io  0x4000-0x4fff]
[    1.583960] pci_bus 0000:03: resource 1 [mem 0xfd400000-0xfd4fffff]
[    1.583962] pci_bus 0000:03: resource 2 [mem 0xe7a00000-0xe7afffff 64bit pref]
[    1.583964] pci_bus 0000:04: resource 0 [io  0x8000-0x8fff]
[    1.583967] pci_bus 0000:04: resource 1 [mem 0xfd000000-0xfd0fffff]
[    1.583969] pci_bus 0000:04: resource 2 [mem 0xe7600000-0xe76fffff 64bit pref]
[    1.583971] pci_bus 0000:05: resource 0 [io  0xc000-0xcfff]
[    1.583974] pci_bus 0000:05: resource 1 [mem 0xfcc00000-0xfccfffff]
[    1.583976] pci_bus 0000:05: resource 2 [mem 0xe7200000-0xe72fffff 64bit pref]
[    1.583979] pci_bus 0000:06: resource 1 [mem 0xfc800000-0xfc8fffff]
[    1.583981] pci_bus 0000:06: resource 2 [mem 0xe6e00000-0xe6efffff 64bit pref]
[    1.583983] pci_bus 0000:07: resource 1 [mem 0xfc400000-0xfc4fffff]
[    1.583985] pci_bus 0000:07: resource 2 [mem 0xe6a00000-0xe6afffff 64bit pref]
[    1.583988] pci_bus 0000:08: resource 1 [mem 0xfc000000-0xfc0fffff]
[    1.583990] pci_bus 0000:08: resource 2 [mem 0xe6600000-0xe66fffff 64bit pref]
[    1.583992] pci_bus 0000:09: resource 1 [mem 0xfbc00000-0xfbcfffff]
[    1.583994] pci_bus 0000:09: resource 2 [mem 0xe6200000-0xe62fffff 64bit pref]
[    1.583997] pci_bus 0000:0a: resource 1 [mem 0xfb800000-0xfb8fffff]
[    1.583999] pci_bus 0000:0a: resource 2 [mem 0xe5e00000-0xe5efffff 64bit pref]
[    1.584001] pci_bus 0000:0b: resource 0 [io  0x5000-0x5fff]
[    1.584003] pci_bus 0000:0b: resource 1 [mem 0xfd300000-0xfd3fffff]
[    1.584006] pci_bus 0000:0b: resource 2 [mem 0xe7900000-0xe79fffff 64bit pref]
[    1.584008] pci_bus 0000:0c: resource 0 [io  0x9000-0x9fff]
[    1.584010] pci_bus 0000:0c: resource 1 [mem 0xfcf00000-0xfcffffff]
[    1.584012] pci_bus 0000:0c: resource 2 [mem 0xe7500000-0xe75fffff 64bit pref]
[    1.584014] pci_bus 0000:0d: resource 0 [io  0xd000-0xdfff]
[    1.584017] pci_bus 0000:0d: resource 1 [mem 0xfcb00000-0xfcbfffff]
[    1.584019] pci_bus 0000:0d: resource 2 [mem 0xe7100000-0xe71fffff 64bit pref]
[    1.584021] pci_bus 0000:0e: resource 1 [mem 0xfc700000-0xfc7fffff]
[    1.584021] pci_bus 0000:0e: resource 2 [mem 0xe6d00000-0xe6dfffff 64bit pref]
[    1.584021] pci_bus 0000:0f: resource 1 [mem 0xfc300000-0xfc3fffff]
[    1.584021] pci_bus 0000:0f: resource 2 [mem 0xe6900000-0xe69fffff 64bit pref]
[    1.584021] pci_bus 0000:10: resource 1 [mem 0xfbf00000-0xfbffffff]
[    1.584021] pci_bus 0000:10: resource 2 [mem 0xe6500000-0xe65fffff 64bit pref]
[    1.584021] pci_bus 0000:11: resource 1 [mem 0xfbb00000-0xfbbfffff]
[    1.584021] pci_bus 0000:11: resource 2 [mem 0xe6100000-0xe61fffff 64bit pref]
[    1.584021] pci_bus 0000:12: resource 1 [mem 0xfb700000-0xfb7fffff]
[    1.584021] pci_bus 0000:12: resource 2 [mem 0xe5d00000-0xe5dfffff 64bit pref]
[    1.584021] pci_bus 0000:13: resource 0 [io  0x6000-0x6fff]
[    1.584021] pci_bus 0000:13: resource 1 [mem 0xfd200000-0xfd2fffff]
[    1.584021] pci_bus 0000:13: resource 2 [mem 0xe7800000-0xe78fffff 64bit pref]
[    1.584021] pci_bus 0000:14: resource 0 [io  0xa000-0xafff]
[    1.584021] pci_bus 0000:14: resource 1 [mem 0xfce00000-0xfcefffff]
[    1.584021] pci_bus 0000:14: resource 2 [mem 0xe7400000-0xe74fffff 64bit pref]
[    1.584021] pci_bus 0000:15: resource 0 [io  0xe000-0xefff]
[    1.584021] pci_bus 0000:15: resource 1 [mem 0xfca00000-0xfcafffff]
[    1.584021] pci_bus 0000:15: resource 2 [mem 0xe7000000-0xe70fffff 64bit pref]
[    1.584021] pci_bus 0000:16: resource 1 [mem 0xfc600000-0xfc6fffff]
[    1.584021] pci_bus 0000:16: resource 2 [mem 0xe6c00000-0xe6cfffff 64bit pref]
[    1.584021] pci_bus 0000:17: resource 1 [mem 0xfc200000-0xfc2fffff]
[    1.584021] pci_bus 0000:17: resource 2 [mem 0xe6800000-0xe68fffff 64bit pref]
[    1.584021] pci_bus 0000:18: resource 1 [mem 0xfbe00000-0xfbefffff]
[    1.584021] pci_bus 0000:18: resource 2 [mem 0xe6400000-0xe64fffff 64bit pref]
[    1.584021] pci_bus 0000:19: resource 1 [mem 0xfba00000-0xfbafffff]
[    1.584021] pci_bus 0000:19: resource 2 [mem 0xe6000000-0xe60fffff 64bit pref]
[    1.584021] pci_bus 0000:1a: resource 1 [mem 0xfb600000-0xfb6fffff]
[    1.584021] pci_bus 0000:1a: resource 2 [mem 0xe5c00000-0xe5cfffff 64bit pref]
[    1.584021] pci_bus 0000:1b: resource 0 [io  0x7000-0x7fff]
[    1.584021] pci_bus 0000:1b: resource 1 [mem 0xfd100000-0xfd1fffff]
[    1.584021] pci_bus 0000:1b: resource 2 [mem 0xe7700000-0xe77fffff 64bit pref]
[    1.584021] pci_bus 0000:1c: resource 0 [io  0xb000-0xbfff]
[    1.584021] pci_bus 0000:1c: resource 1 [mem 0xfcd00000-0xfcdfffff]
[    1.584021] pci_bus 0000:1c: resource 2 [mem 0xe7300000-0xe73fffff 64bit pref]
[    1.584021] pci_bus 0000:1d: resource 1 [mem 0xfc900000-0xfc9fffff]
[    1.584021] pci_bus 0000:1d: resource 2 [mem 0xe6f00000-0xe6ffffff 64bit pref]
[    1.584021] pci_bus 0000:1e: resource 1 [mem 0xfc500000-0xfc5fffff]
[    1.584021] pci_bus 0000:1e: resource 2 [mem 0xe6b00000-0xe6bfffff 64bit pref]
[    1.584021] pci_bus 0000:1f: resource 1 [mem 0xfc100000-0xfc1fffff]
[    1.584021] pci_bus 0000:1f: resource 2 [mem 0xe6700000-0xe67fffff 64bit pref]
[    1.584021] pci_bus 0000:20: resource 1 [mem 0xfbd00000-0xfbdfffff]
[    1.584021] pci_bus 0000:20: resource 2 [mem 0xe6300000-0xe63fffff 64bit pref]
[    1.584021] pci_bus 0000:21: resource 1 [mem 0xfb900000-0xfb9fffff]
[    1.584021] pci_bus 0000:21: resource 2 [mem 0xe5f00000-0xe5ffffff 64bit pref]
[    1.584021] pci_bus 0000:22: resource 1 [mem 0xfb500000-0xfb5fffff]
[    1.584021] pci_bus 0000:22: resource 2 [mem 0xe5b00000-0xe5bfffff 64bit pref]
[    1.585080] NET: Registered protocol family 2
[    1.586871] tcp_listen_portaddr_hash hash table entries: 2048 (order: 3, 32768 bytes)
[    1.586935] TCP established hash table entries: 32768 (order: 6, 262144 bytes)
[    1.587111] TCP bind hash table entries: 32768 (order: 7, 524288 bytes)
[    1.588393] TCP: Hash tables configured (established 32768 bind 32768)
[    1.589150] UDP hash table entries: 2048 (order: 4, 65536 bytes)
[    1.589239] UDP-Lite hash table entries: 2048 (order: 4, 65536 bytes)
[    1.589911] NET: Registered protocol family 1
[    1.589919] NET: Registered protocol family 44
[    1.589929] pci 0000:00:00.0: Limiting direct PCI/PCI transfers
[    1.590162] pci 0000:00:0f.0: Video device with shadowed ROM at [mem 0x000c0000-0x000dffff]
[    1.593534] PCI: CLS mismatch (32 != 64), using 64 bytes
[    1.595961] Unpacking initramfs...
[    2.811229] Freeing initrd memory: 38716K
[    2.811256] PCI-DMA: Using software bounce buffering for IO (SWIOTLB)
[    2.811261] software IO TLB [mem 0xbbed0000-0xbfed0000] (64MB) mapped at [(____ptrval____)-(____ptrval____)]
[    2.811529] Scanning for low memory corruption every 60 seconds
[    2.814679] Initialise system trusted keyrings
[    2.814692] Key type blacklist registered
[    2.815261] workingset: timestamp_bits=36 max_order=20 bucket_order=0
[    2.818604] zbud: loaded
[    2.820248] squashfs: version 4.0 (2009/01/31) Phillip Lougher
[    2.821037] fuse init (API version 7.27)
[    2.821398] pstore: using deflate compression
[    2.838980] Key type asymmetric registered
[    2.838982] Asymmetric key parser 'x509' registered
[    2.839092] Block layer SCSI generic (bsg) driver version 0.4 loaded (major 244)
[    2.839749] io scheduler noop registered
[    2.839750] io scheduler deadline registered
[    2.839819] io scheduler cfq registered (default)
[    2.883508] pcieport 0000:00:15.0: Signaling PME with IRQ 24
[    2.883933] pcieport 0000:00:15.1: Signaling PME with IRQ 25
[    2.884348] pcieport 0000:00:15.2: Signaling PME with IRQ 26
[    2.884774] pcieport 0000:00:15.3: Signaling PME with IRQ 27
[    2.885185] pcieport 0000:00:15.4: Signaling PME with IRQ 28
[    2.885579] pcieport 0000:00:15.5: Signaling PME with IRQ 29
[    2.885968] pcieport 0000:00:15.6: Signaling PME with IRQ 30
[    2.886373] pcieport 0000:00:15.7: Signaling PME with IRQ 31
[    2.886780] pcieport 0000:00:16.0: Signaling PME with IRQ 32
[    2.887171] pcieport 0000:00:16.1: Signaling PME with IRQ 33
[    2.887577] pcieport 0000:00:16.2: Signaling PME with IRQ 34
[    2.887967] pcieport 0000:00:16.3: Signaling PME with IRQ 35
[    2.888416] pcieport 0000:00:16.4: Signaling PME with IRQ 36
[    2.888809] pcieport 0000:00:16.5: Signaling PME with IRQ 37
[    2.889208] pcieport 0000:00:16.6: Signaling PME with IRQ 38
[    2.889616] pcieport 0000:00:16.7: Signaling PME with IRQ 39
[    2.890003] pcieport 0000:00:17.0: Signaling PME with IRQ 40
[    2.890406] pcieport 0000:00:17.1: Signaling PME with IRQ 41
[    2.890815] pcieport 0000:00:17.2: Signaling PME with IRQ 42
[    2.891243] pcieport 0000:00:17.3: Signaling PME with IRQ 43
[    2.891640] pcieport 0000:00:17.4: Signaling PME with IRQ 44
[    2.892082] pcieport 0000:00:17.5: Signaling PME with IRQ 45
[    2.892475] pcieport 0000:00:17.6: Signaling PME with IRQ 46
[    2.892881] pcieport 0000:00:17.7: Signaling PME with IRQ 47
[    2.893273] pcieport 0000:00:18.0: Signaling PME with IRQ 48
[    2.893700] pcieport 0000:00:18.1: Signaling PME with IRQ 49
[    2.894094] pcieport 0000:00:18.2: Signaling PME with IRQ 50
[    2.894505] pcieport 0000:00:18.3: Signaling PME with IRQ 51
[    2.894900] pcieport 0000:00:18.4: Signaling PME with IRQ 52
[    2.895328] pcieport 0000:00:18.5: Signaling PME with IRQ 53
[    2.895742] pcieport 0000:00:18.6: Signaling PME with IRQ 54
[    2.896169] pcieport 0000:00:18.7: Signaling PME with IRQ 55
[    2.896330] pciehp 0000:00:15.0:pcie004: Slot #160 AttnBtn+ PwrCtrl+ MRL- AttnInd- PwrInd- HotPlug+ Surprise- Interlock- NoCompl+ LLActRep+
[    2.896559] pciehp 0000:00:15.1:pcie004: Slot #161 AttnBtn+ PwrCtrl+ MRL- AttnInd- PwrInd- HotPlug+ Surprise- Interlock- NoCompl+ LLActRep+
[    2.896792] pciehp 0000:00:15.2:pcie004: Slot #162 AttnBtn+ PwrCtrl+ MRL- AttnInd- PwrInd- HotPlug+ Surprise- Interlock- NoCompl+ LLActRep+
[    2.897001] pciehp 0000:00:15.3:pcie004: Slot #163 AttnBtn+ PwrCtrl+ MRL- AttnInd- PwrInd- HotPlug+ Surprise- Interlock- NoCompl+ LLActRep+
[    2.897206] pciehp 0000:00:15.4:pcie004: Slot #164 AttnBtn+ PwrCtrl+ MRL- AttnInd- PwrInd- HotPlug+ Surprise- Interlock- NoCompl+ LLActRep+
[    2.897410] pciehp 0000:00:15.5:pcie004: Slot #165 AttnBtn+ PwrCtrl+ MRL- AttnInd- PwrInd- HotPlug+ Surprise- Interlock- NoCompl+ LLActRep+
[    2.897616] pciehp 0000:00:15.6:pcie004: Slot #166 AttnBtn+ PwrCtrl+ MRL- AttnInd- PwrInd- HotPlug+ Surprise- Interlock- NoCompl+ LLActRep+
[    2.897820] pciehp 0000:00:15.7:pcie004: Slot #167 AttnBtn+ PwrCtrl+ MRL- AttnInd- PwrInd- HotPlug+ Surprise- Interlock- NoCompl+ LLActRep+
[    2.898057] pciehp 0000:00:16.0:pcie004: Slot #192 AttnBtn+ PwrCtrl+ MRL- AttnInd- PwrInd- HotPlug+ Surprise- Interlock- NoCompl+ LLActRep+
[    2.898260] pciehp 0000:00:16.1:pcie004: Slot #193 AttnBtn+ PwrCtrl+ MRL- AttnInd- PwrInd- HotPlug+ Surprise- Interlock- NoCompl+ LLActRep+
[    2.898491] pciehp 0000:00:16.2:pcie004: Slot #194 AttnBtn+ PwrCtrl+ MRL- AttnInd- PwrInd- HotPlug+ Surprise- Interlock- NoCompl+ LLActRep+
[    2.898702] pciehp 0000:00:16.3:pcie004: Slot #195 AttnBtn+ PwrCtrl+ MRL- AttnInd- PwrInd- HotPlug+ Surprise- Interlock- NoCompl+ LLActRep+
[    2.898906] pciehp 0000:00:16.4:pcie004: Slot #196 AttnBtn+ PwrCtrl+ MRL- AttnInd- PwrInd- HotPlug+ Surprise- Interlock- NoCompl+ LLActRep+
[    2.899128] pciehp 0000:00:16.5:pcie004: Slot #197 AttnBtn+ PwrCtrl+ MRL- AttnInd- PwrInd- HotPlug+ Surprise- Interlock- NoCompl+ LLActRep+
[    2.899332] pciehp 0000:00:16.6:pcie004: Slot #198 AttnBtn+ PwrCtrl+ MRL- AttnInd- PwrInd- HotPlug+ Surprise- Interlock- NoCompl+ LLActRep+
[    2.899539] pciehp 0000:00:16.7:pcie004: Slot #199 AttnBtn+ PwrCtrl+ MRL- AttnInd- PwrInd- HotPlug+ Surprise- Interlock- NoCompl+ LLActRep+
[    2.899751] pciehp 0000:00:17.0:pcie004: Slot #224 AttnBtn+ PwrCtrl+ MRL- AttnInd- PwrInd- HotPlug+ Surprise- Interlock- NoCompl+ LLActRep+
[    2.899961] pciehp 0000:00:17.1:pcie004: Slot #225 AttnBtn+ PwrCtrl+ MRL- AttnInd- PwrInd- HotPlug+ Surprise- Interlock- NoCompl+ LLActRep+
[    2.900179] pciehp 0000:00:17.2:pcie004: Slot #226 AttnBtn+ PwrCtrl+ MRL- AttnInd- PwrInd- HotPlug+ Surprise- Interlock- NoCompl+ LLActRep+
[    2.900383] pciehp 0000:00:17.3:pcie004: Slot #227 AttnBtn+ PwrCtrl+ MRL- AttnInd- PwrInd- HotPlug+ Surprise- Interlock- NoCompl+ LLActRep+
[    2.900593] pciehp 0000:00:17.4:pcie004: Slot #228 AttnBtn+ PwrCtrl+ MRL- AttnInd- PwrInd- HotPlug+ Surprise- Interlock- NoCompl+ LLActRep+
[    2.900797] pciehp 0000:00:17.5:pcie004: Slot #229 AttnBtn+ PwrCtrl+ MRL- AttnInd- PwrInd- HotPlug+ Surprise- Interlock- NoCompl+ LLActRep+
[    2.901029] pciehp 0000:00:17.6:pcie004: Slot #230 AttnBtn+ PwrCtrl+ MRL- AttnInd- PwrInd- HotPlug+ Surprise- Interlock- NoCompl+ LLActRep+
[    2.901233] pciehp 0000:00:17.7:pcie004: Slot #231 AttnBtn+ PwrCtrl+ MRL- AttnInd- PwrInd- HotPlug+ Surprise- Interlock- NoCompl+ LLActRep+
[    2.901458] pciehp 0000:00:18.0:pcie004: Slot #256 AttnBtn+ PwrCtrl+ MRL- AttnInd- PwrInd- HotPlug+ Surprise- Interlock- NoCompl+ LLActRep+
[    2.901663] pciehp 0000:00:18.1:pcie004: Slot #257 AttnBtn+ PwrCtrl+ MRL- AttnInd- PwrInd- HotPlug+ Surprise- Interlock- NoCompl+ LLActRep+
[    2.901866] pciehp 0000:00:18.2:pcie004: Slot #258 AttnBtn+ PwrCtrl+ MRL- AttnInd- PwrInd- HotPlug+ Surprise- Interlock- NoCompl+ LLActRep+
[    2.902089] pciehp 0000:00:18.3:pcie004: Slot #259 AttnBtn+ PwrCtrl+ MRL- AttnInd- PwrInd- HotPlug+ Surprise- Interlock- NoCompl+ LLActRep+
[    2.902292] pciehp 0000:00:18.4:pcie004: Slot #260 AttnBtn+ PwrCtrl+ MRL- AttnInd- PwrInd- HotPlug+ Surprise- Interlock- NoCompl+ LLActRep+
[    2.902515] pciehp 0000:00:18.5:pcie004: Slot #261 AttnBtn+ PwrCtrl+ MRL- AttnInd- PwrInd- HotPlug+ Surprise- Interlock- NoCompl+ LLActRep+
[    2.902720] pciehp 0000:00:18.6:pcie004: Slot #262 AttnBtn+ PwrCtrl+ MRL- AttnInd- PwrInd- HotPlug+ Surprise- Interlock- NoCompl+ LLActRep+
[    2.902932] pciehp 0000:00:18.7:pcie004: Slot #263 AttnBtn+ PwrCtrl+ MRL- AttnInd- PwrInd- HotPlug+ Surprise- Interlock- NoCompl+ LLActRep+
[    2.903146] shpchp 0000:00:01.0: Cannot get control of SHPC hotplug
[    2.903196] shpchp: Standard Hot Plug PCI Controller Driver version: 0.4
[    2.903333] intel_idle: Please enable MWAIT in BIOS SETUP
[    2.904305] ACPI: AC Adapter [ACAD] (on-line)
[    2.904791] input: Power Button as /devices/LNXSYSTM:00/LNXPWRBN:00/input/input0
[    2.904859] ACPI: Power Button [PWRF]
[    2.907114] Serial: 8250/16550 driver, 32 ports, IRQ sharing enabled
[    2.934919] 00:05: ttyS0 at I/O 0x3f8 (irq = 4, base_baud = 115200) is a 16550A
[    2.946111] Linux agpgart interface v0.103
[    2.946476] agpgart-intel 0000:00:00.0: Intel 440BX Chipset
[    2.948242] agpgart-intel 0000:00:00.0: AGP aperture is 256M @ 0x0
[    2.972506] loop: module loaded
[    2.972717] ata_piix 0000:00:07.1: version 2.13
[    2.974183] scsi host0: ata_piix
[    2.974615] scsi host1: ata_piix
[    2.974674] ata1: PATA max UDMA/33 cmd 0x1f0 ctl 0x3f6 bmdma 0x1060 irq 14
[    2.974676] ata2: PATA max UDMA/33 cmd 0x170 ctl 0x376 bmdma 0x1068 irq 15
[    2.974941] libphy: Fixed MDIO Bus: probed
[    2.974943] tun: Universal TUN/TAP device driver, 1.6
[    2.974996] PPP generic driver version 2.4.2
[    2.975081] ehci_hcd: USB 2.0 'Enhanced' Host Controller (EHCI) Driver
[    2.975085] ehci-pci: EHCI PCI platform driver
[    2.976390] ehci-pci 0000:02:03.0: EHCI Host Controller
[    2.976405] ehci-pci 0000:02:03.0: new USB bus registered, assigned bus number 1
[    2.976934] ehci-pci 0000:02:03.0: cache line size of 64 is not supported
[    2.976971] ehci-pci 0000:02:03.0: irq 17, io mem 0xfd5ef000
[    2.992272] ehci-pci 0000:02:03.0: USB 2.0 started, EHCI 1.00
[    2.992454] usb usb1: New USB device found, idVendor=1d6b, idProduct=0002, bcdDevice= 4.18
[    2.992457] usb usb1: New USB device strings: Mfr=3, Product=2, SerialNumber=1
[    2.992460] usb usb1: Product: EHCI Host Controller
[    2.992462] usb usb1: Manufacturer: Linux 4.18.0-10-generic ehci_hcd
[    2.992464] usb usb1: SerialNumber: 0000:02:03.0
[    2.992664] hub 1-0:1.0: USB hub found
[    2.992684] hub 1-0:1.0: 6 ports detected
[    2.993043] ehci-platform: EHCI generic platform driver
[    2.993065] ohci_hcd: USB 1.1 'Open' Host Controller (OHCI) Driver
[    2.993071] ohci-pci: OHCI PCI platform driver
[    2.993097] ohci-platform: OHCI generic platform driver
[    2.993106] uhci_hcd: USB Universal Host Controller Interface driver
[    2.994131] uhci_hcd 0000:02:00.0: UHCI Host Controller
[    2.994170] uhci_hcd 0000:02:00.0: new USB bus registered, assigned bus number 2
[    2.994265] uhci_hcd 0000:02:00.0: detected 2 ports
[    2.994623] uhci_hcd 0000:02:00.0: irq 18, io base 0x00002080
[    2.994857] usb usb2: New USB device found, idVendor=1d6b, idProduct=0001, bcdDevice= 4.18
[    2.994859] usb usb2: New USB device strings: Mfr=3, Product=2, SerialNumber=1
[    2.994862] usb usb2: Product: UHCI Host Controller
[    2.994864] usb usb2: Manufacturer: Linux 4.18.0-10-generic uhci_hcd
[    2.994866] usb usb2: SerialNumber: 0000:02:00.0
[    2.995036] hub 2-0:1.0: USB hub found
[    2.995044] hub 2-0:1.0: 2 ports detected
[    2.995475] i8042: PNP: PS/2 Controller [PNP0303:KBC,PNP0f13:MOUS] at 0x60,0x64 irq 1,12
[    2.996924] serio: i8042 KBD port at 0x60,0x64 irq 1
[    2.996933] serio: i8042 AUX port at 0x60,0x64 irq 12
[    2.997095] mousedev: PS/2 mouse device common for all mice
[    3.019135] rtc_cmos 00:01: registered as rtc0
[    3.019169] rtc_cmos 00:01: alarms up to one month, y3k, 114 bytes nvram, hpet irqs
[    3.019187] i2c /dev entries driver
[    3.019214] pcie_mp2_amd: AMD(R) PCI-E MP2 Communication Driver Version: 1.0
[    3.019775] device-mapper: uevent: version 1.0.3
[    3.019992] input: AT Translated Set 2 keyboard as /devices/platform/i8042/serio0/input/input1
[    3.020169] device-mapper: ioctl: 4.39.0-ioctl (2018-04-03) initialised: dm-devel@redhat.com
[    3.020669] ledtrig-cpu: registered to indicate activity on CPUs
[    3.022518] NET: Registered protocol family 10
[    3.034831] Segment Routing with IPv6
[    3.034873] NET: Registered protocol family 17
[    3.035082] Key type dns_resolver registered
[    3.036065] RAS: Correctable Errors collector initialized.
[    3.036083] sched_clock: Marking stable (3035981266, 0)->(3545702417, -509721151)
[    3.037580] registered taskstats version 1
[    3.037594] Loading compiled-in X.509 certificates
[    3.043230] Loaded X.509 cert 'Build time autogenerated kernel key: c2af9a36da7641558368c66bd9a6950ecebd7ec0'
[    3.043272] zswap: loaded using pool lzo/zbud
[    3.052384] Key type big_key registered
[    3.052391] Key type trusted registered
[    3.056551] Key type encrypted registered
[    3.056557] AppArmor: AppArmor sha1 policy hashing enabled
[    3.056567] ima: No TPM chip found, activating TPM-bypass! (rc=-19)
[    3.056575] ima: Allocated hash algorithm: sha1
[    3.056592] evm: Initialising EVM extended attributes:
[    3.056593] evm: security.selinux
[    3.056594] evm: security.SMACK64
[    3.056595] evm: security.SMACK64EXEC
[    3.056596] evm: security.SMACK64TRANSMUTE
[    3.056597] evm: security.SMACK64MMAP
[    3.056597] evm: security.apparmor
[    3.056598] evm: security.ima
[    3.056599] evm: security.capability
[    3.056600] evm: HMAC attrs: 0x1
[    3.060837]   Magic number: 15:440:107
[    3.061492] rtc_cmos 00:01: setting system clock to 2019-04-01 03:07:45 UTC (1554088065)
[    3.163875] Freeing unused kernel image memory: 2440K
[    3.176301] Write protecting the kernel read-only data: 20480k
[    3.177882] Freeing unused kernel image memory: 2008K
[    3.178710] Freeing unused kernel image memory: 1796K
[    3.201560] x86/mm: Checked W+X mappings: passed, no W+X pages found.
[    3.201562] x86/mm: Checking user space page tables
[    3.221358] x86/mm: Checked W+X mappings: passed, no W+X pages found.
[    3.328510] usb 2-1: new full-speed USB device number 2 using uhci_hcd
[    3.495875] usb 2-1: New USB device found, idVendor=0e0f, idProduct=0003, bcdDevice= 1.03
[    3.495879] usb 2-1: New USB device strings: Mfr=1, Product=2, SerialNumber=0
[    3.495882] usb 2-1: Product: VMware Virtual USB Mouse
[    3.495884] usb 2-1: Manufacturer: VMware
[    3.512281] hidraw: raw HID events driver (C) Jiri Kosina
[    3.521230] usbcore: registered new interface driver usbhid
[    3.521232] usbhid: USB HID core driver
[    3.525613] input: VMware VMware Virtual USB Mouse as /devices/pci0000:00/0000:00:11.0/0000:02:00.0/usb2/2-1/2-1:1.0/0003:0E0F:0003.0001/input/input3
[    3.526019] hid-generic 0003:0E0F:0003.0001: input,hidraw0: USB HID v1.10 Mouse [VMware VMware Virtual USB Mouse] on usb-0000:02:00.0-1/input0
[    3.640232] usb 2-2: new full-speed USB device number 3 using uhci_hcd
[    3.789627] piix4_smbus 0000:00:07.3: SMBus Host Controller not enabled!
[    3.794793] Fusion MPT base driver 3.04.20
[    3.794795] Copyright (c) 1999-2008 LSI Corporation
[    3.799143] usb 2-2: New USB device found, idVendor=0e0f, idProduct=0002, bcdDevice= 1.00
[    3.799146] usb 2-2: New USB device strings: Mfr=0, Product=1, SerialNumber=0
[    3.799149] usb 2-2: Product: VMware Virtual USB Hub
[    3.799806] e1000: Intel(R) PRO/1000 Network Driver - version 7.3.21-k8-NAPI
[    3.799808] e1000: Copyright (c) 1999-2006 Intel Corporation.
[    3.800625] Fusion MPT SPI Host driver 3.04.20
[    3.806599] hub 2-2:1.0: USB hub found
[    3.809091] hub 2-2:1.0: 7 ports detected
[    3.815788] mptbase: ioc0: Initiating bringup
[    3.836281] tsc: Refined TSC clocksource calibration: 1800.003 MHz
[    3.836357] clocksource: tsc: mask: 0xffffffffffffffff max_cycles: 0x19f22c73312, max_idle_ns: 440795259572 ns
[    3.836426] clocksource: Switched to clocksource tsc
[    3.839506] ahci 0000:02:05.0: version 3.0
[    3.844506] input: VirtualPS/2 VMware VMMouse as /devices/platform/i8042/serio1/input/input5
[    3.845207] input: VirtualPS/2 VMware VMMouse as /devices/platform/i8042/serio1/input/input4
[    3.850196] ahci 0000:02:05.0: AHCI 0001.0300 32 slots 30 ports 6 Gbps 0x3fffffff impl SATA mode
[    3.850201] ahci 0000:02:05.0: flags: 64bit ncq clo only 
[    3.900257] scsi host2: ahci
[    3.915356] scsi host3: ahci
[    3.931153] scsi host4: ahci
[    3.943690] scsi host5: ahci
[    3.949993] scsi host6: ahci
[    3.959484] scsi host7: ahci
[    3.965974] scsi host8: ahci
[    3.967587] ioc0: LSI53C1030 B0: Capabilities={Initiator}
[    3.979470] scsi host9: ahci
[    3.990434] scsi host10: ahci
[    3.991051] scsi host11: ahci
[    3.991690] scsi host12: ahci
[    3.992023] scsi host13: ahci
[    3.992278] scsi host14: ahci
[    3.992607] scsi host15: ahci
[    3.993233] scsi host16: ahci
[    3.993549] scsi host17: ahci
[    3.993858] scsi host18: ahci
[    3.994178] scsi host19: ahci
[    3.994731] scsi host20: ahci
[    3.995189] scsi host21: ahci
[    3.995911] scsi host22: ahci
[    3.996206] scsi host23: ahci
[    3.996580] scsi host24: ahci
[    3.996890] scsi host25: ahci
[    3.997166] scsi host26: ahci
[    3.997510] scsi host27: ahci
[    3.997812] scsi host28: ahci
[    3.998414] scsi host29: ahci
[    3.998975] scsi host30: ahci
[    3.999341] scsi host31: ahci
[    3.999415] ata3: SATA max UDMA/133 abar m4096@0xfd5ee000 port 0xfd5ee100 irq 56
[    3.999418] ata4: SATA max UDMA/133 abar m4096@0xfd5ee000 port 0xfd5ee180 irq 56
[    3.999420] ata5: SATA max UDMA/133 abar m4096@0xfd5ee000 port 0xfd5ee200 irq 56
[    3.999422] ata6: SATA max UDMA/133 abar m4096@0xfd5ee000 port 0xfd5ee280 irq 56
[    3.999423] ata7: SATA max UDMA/133 abar m4096@0xfd5ee000 port 0xfd5ee300 irq 56
[    3.999425] ata8: SATA max UDMA/133 abar m4096@0xfd5ee000 port 0xfd5ee380 irq 56
[    3.999427] ata9: SATA max UDMA/133 abar m4096@0xfd5ee000 port 0xfd5ee400 irq 56
[    3.999429] ata10: SATA max UDMA/133 abar m4096@0xfd5ee000 port 0xfd5ee480 irq 56
[    3.999431] ata11: SATA max UDMA/133 abar m4096@0xfd5ee000 port 0xfd5ee500 irq 56
[    3.999433] ata12: SATA max UDMA/133 abar m4096@0xfd5ee000 port 0xfd5ee580 irq 56
[    3.999434] ata13: SATA max UDMA/133 abar m4096@0xfd5ee000 port 0xfd5ee600 irq 56
[    3.999436] ata14: SATA max UDMA/133 abar m4096@0xfd5ee000 port 0xfd5ee680 irq 56
[    3.999438] ata15: SATA max UDMA/133 abar m4096@0xfd5ee000 port 0xfd5ee700 irq 56
[    3.999440] ata16: SATA max UDMA/133 abar m4096@0xfd5ee000 port 0xfd5ee780 irq 56
[    3.999441] ata17: SATA max UDMA/133 abar m4096@0xfd5ee000 port 0xfd5ee800 irq 56
[    3.999443] ata18: SATA max UDMA/133 abar m4096@0xfd5ee000 port 0xfd5ee880 irq 56
[    3.999445] ata19: SATA max UDMA/133 abar m4096@0xfd5ee000 port 0xfd5ee900 irq 56
[    3.999447] ata20: SATA max UDMA/133 abar m4096@0xfd5ee000 port 0xfd5ee980 irq 56
[    3.999449] ata21: SATA max UDMA/133 abar m4096@0xfd5ee000 port 0xfd5eea00 irq 56
[    3.999450] ata22: SATA max UDMA/133 abar m4096@0xfd5ee000 port 0xfd5eea80 irq 56
[    3.999452] ata23: SATA max UDMA/133 abar m4096@0xfd5ee000 port 0xfd5eeb00 irq 56
[    3.999454] ata24: SATA max UDMA/133 abar m4096@0xfd5ee000 port 0xfd5eeb80 irq 56
[    3.999456] ata25: SATA max UDMA/133 abar m4096@0xfd5ee000 port 0xfd5eec00 irq 56
